Component: ARM Compiler 5.06 update 6 (build 750) Tool: armlink [4d35ed]

==============================================================================

Section Cross References

    startup_stm32f10x_md.o(RESET) refers to startup_stm32f10x_md.o(STACK) for __initial_sp
    startup_stm32f10x_md.o(RESET) refers to startup_stm32f10x_md.o(.text) for Reset_Handler
    startup_stm32f10x_md.o(RESET) refers to stm32f10x_it.o(i.NMI_Handler) for NMI_Handler
    startup_stm32f10x_md.o(RESET) refers to stm32f10x_it.o(i.HardFault_Handler) for HardFault_Handler
    startup_stm32f10x_md.o(RESET) refers to stm32f10x_it.o(i.MemManage_Handler) for MemManage_Handler
    startup_stm32f10x_md.o(RESET) refers to stm32f10x_it.o(i.BusFault_Handler) for BusFault_Handler
    startup_stm32f10x_md.o(RESET) refers to stm32f10x_it.o(i.UsageFault_Handler) for UsageFault_Handler
    startup_stm32f10x_md.o(RESET) refers to stm32f10x_it.o(i.SVC_Handler) for SVC_Handler
    startup_stm32f10x_md.o(RESET) refers to stm32f10x_it.o(i.DebugMon_Handler) for DebugMon_Handler
    startup_stm32f10x_md.o(RESET) refers to stm32f10x_it.o(i.PendSV_Handler) for PendSV_Handler
    startup_stm32f10x_md.o(RESET) refers to stm32f10x_it.o(i.SysTick_Handler) for SysTick_Handler
    startup_stm32f10x_md.o(RESET) refers to exti.o(i.EXTI0_IRQHandler) for EXTI0_IRQHandler
    startup_stm32f10x_md.o(RESET) refers to exti.o(i.EXTI1_IRQHandler) for EXTI1_IRQHandler
    startup_stm32f10x_md.o(RESET) refers to exti.o(i.EXTI2_IRQHandler) for EXTI2_IRQHandler
    startup_stm32f10x_md.o(RESET) refers to exti.o(i.EXTI3_IRQHandler) for EXTI3_IRQHandler
    startup_stm32f10x_md.o(RESET) refers to exti.o(i.EXTI4_IRQHandler) for EXTI4_IRQHandler
    startup_stm32f10x_md.o(RESET) refers to can_hw.o(i.USB_LP_CAN1_RX0_IRQHandler) for USB_LP_CAN1_RX0_IRQHandler
    startup_stm32f10x_md.o(RESET) refers to exti.o(i.EXTI9_5_IRQHandler) for EXTI9_5_IRQHandler
    startup_stm32f10x_md.o(RESET) refers to stm32_canfestival.o(i.TIM3_IRQHandler) for TIM3_IRQHandler
    startup_stm32f10x_md.o(RESET) refers to usart.o(i.USART2_IRQHandler) for USART2_IRQHandler
    startup_stm32f10x_md.o(.text) refers to system_stm32f10x_1.o(i.SystemInit) for SystemInit
    startup_stm32f10x_md.o(.text) refers to entry.o(.ARM.Collect$$$$00000000) for __main
    stm32f10x_adc.o(i.ADC_DeInit) refers to stm32f10x_rcc.o(i.RCC_APB2PeriphResetCmd) for RCC_APB2PeriphResetCmd
    stm32f10x_bkp.o(i.BKP_DeInit) refers to stm32f10x_rcc.o(i.RCC_BackupResetCmd) for RCC_BackupResetCmd
    stm32f10x_can.o(i.CAN_DeInit) refers to stm32f10x_rcc.o(i.RCC_APB1PeriphResetCmd) for RCC_APB1PeriphResetCmd
    stm32f10x_can.o(i.CAN_GetITStatus) refers to stm32f10x_can.o(i.CheckITStatus) for CheckITStatus
    stm32f10x_cec.o(i.CEC_DeInit) refers to stm32f10x_rcc.o(i.RCC_APB1PeriphResetCmd) for RCC_APB1PeriphResetCmd
    stm32f10x_dac.o(i.DAC_DeInit) refers to stm32f10x_rcc.o(i.RCC_APB1PeriphResetCmd) for RCC_APB1PeriphResetCmd
    stm32f10x_flash.o(i.FLASH_EnableWriteProtection) refers to stm32f10x_flash.o(i.FLASH_WaitForLastOperation) for FLASH_WaitForLastOperation
    stm32f10x_flash.o(i.FLASH_EraseAllBank1Pages) refers to stm32f10x_flash.o(i.FLASH_WaitForLastBank1Operation) for FLASH_WaitForLastBank1Operation
    stm32f10x_flash.o(i.FLASH_EraseAllPages) refers to stm32f10x_flash.o(i.FLASH_WaitForLastOperation) for FLASH_WaitForLastOperation
    stm32f10x_flash.o(i.FLASH_EraseOptionBytes) refers to stm32f10x_flash.o(i.FLASH_GetReadOutProtectionStatus) for FLASH_GetReadOutProtectionStatus
    stm32f10x_flash.o(i.FLASH_EraseOptionBytes) refers to stm32f10x_flash.o(i.FLASH_WaitForLastOperation) for FLASH_WaitForLastOperation
    stm32f10x_flash.o(i.FLASH_ErasePage) refers to stm32f10x_flash.o(i.FLASH_WaitForLastOperation) for FLASH_WaitForLastOperation
    stm32f10x_flash.o(i.FLASH_ProgramHalfWord) refers to stm32f10x_flash.o(i.FLASH_WaitForLastOperation) for FLASH_WaitForLastOperation
    stm32f10x_flash.o(i.FLASH_ProgramOptionByteData) refers to stm32f10x_flash.o(i.FLASH_WaitForLastOperation) for FLASH_WaitForLastOperation
    stm32f10x_flash.o(i.FLASH_ProgramWord) refers to stm32f10x_flash.o(i.FLASH_WaitForLastOperation) for FLASH_WaitForLastOperation
    stm32f10x_flash.o(i.FLASH_ReadOutProtection) refers to stm32f10x_flash.o(i.FLASH_WaitForLastOperation) for FLASH_WaitForLastOperation
    stm32f10x_flash.o(i.FLASH_UserOptionByteConfig) refers to stm32f10x_flash.o(i.FLASH_WaitForLastOperation) for FLASH_WaitForLastOperation
    stm32f10x_flash.o(i.FLASH_WaitForLastBank1Operation) refers to stm32f10x_flash.o(i.FLASH_GetBank1Status) for FLASH_GetBank1Status
    stm32f10x_flash.o(i.FLASH_WaitForLastOperation) refers to stm32f10x_flash.o(i.FLASH_GetBank1Status) for FLASH_GetBank1Status
    stm32f10x_gpio.o(i.GPIO_AFIODeInit) refers to stm32f10x_rcc.o(i.RCC_APB2PeriphResetCmd) for RCC_APB2PeriphResetCmd
    stm32f10x_gpio.o(i.GPIO_DeInit) refers to stm32f10x_rcc.o(i.RCC_APB2PeriphResetCmd) for RCC_APB2PeriphResetCmd
[...]
    Removing stm32f10x_wwdg.o(i.WWDG_SetCounter), (16 bytes).
    Removing stm32f10x_wwdg.o(i.WWDG_SetPrescaler), (24 bytes).
    Removing stm32f10x_wwdg.o(i.WWDG_SetWindowValue), (40 bytes).
    Removing main.o(i.Temperature), (224 bytes).
    Removing system_stm32f10x_1.o(i.SystemCoreClockUpdate), (164 bytes).
    Removing adc.o(i.Adc_Init), (168 bytes).
    Removing adc.o(i.Get_Adc), (72 bytes).
    Removing adc.o(i.Get_Adc_Average), (74 bytes).
    Removing beep.o(i.Beep_CMD), (20 bytes).
    Removing beep.o(i.Beep_init), (24 bytes).
    Removing exti.o(i.EXTIX_Init), (216 bytes).
    Removing key.o(i.KEY_Init), (60 bytes).
    Removing key.o(i.KEY_Scan), (200 bytes).
    Removing key.o(.data), (1 bytes).
    Removing led.o(i.LED_Init), (76 bytes).
    Removing oled.o(i.OLED_Clear), (48 bytes).
    Removing oled.o(i.OLED_Display_Off), (28 bytes).
    Removing oled.o(i.OLED_Display_On), (28 bytes).
    Removing oled.o(i.OLED_DrawPoint), (96 bytes).
    Removing oled.o(i.OLED_Fill), (58 bytes).
    Removing oled.o(i.OLED_Init), (316 bytes).
    Removing oled.o(i.OLED_Refresh_Gram), (92 bytes).
    Removing oled.o(i.OLED_ShowChar), (288 bytes).
    Removing oled.o(i.OLED_ShowNum), (148 bytes).
    Removing oled.o(i.OLED_ShowString), (102 bytes).
    Removing oled.o(i.OLED_WR_Byte), (96 bytes).
    Removing oled.o(i.mypow), (22 bytes).
    Removing oled.o(.bss), (1024 bytes).
    Removing oled.o(.constdata), (8645 bytes).
    Removing timpwm.o(i.TIM1_PWM_Init), (136 bytes).
    Removing timpwm.o(.bss), (26 bytes).
    Removing ws2811_rgb.o(i.ColorToColor), (328 bytes).
    Removing ws2811_rgb.o(i.TX0), (36 bytes).
    Removing ws2811_rgb.o(i.TX1), (36 bytes).
    Removing ws2811_rgb.o(i.WS_Init), (56 bytes).
    Removing ws2811_rgb.o(i.WS_Reset), (40 bytes).
    Removing ws2811_rgb.o(i.WS_Set), (28 bytes).
    Removing ws2811_rgb.o(i.WS_Set1), (40 bytes).
    Removing ws2811_rgb.o(i.WS_SetAll), (32 bytes).
    Removing ws2811_rgb.o(i.abs0), (16 bytes).
    Removing ws2811_rgb.o(i.delay05us), (14 bytes).
    Removing ws2811_rgb.o(i.delay2us), (14 bytes).
    Removing ws2811_rgb.o(.data), (8 bytes).
    Removing dcf.o(i.CheckSDOAndContinue), (278 bytes).
    Removing dcf.o(i.SaveNode), (60 bytes).
    Removing dcf.o(i.check_and_start_node), (86 bytes).
    Removing dcf.o(i.get_next_DCF_data), (156 bytes).
    Removing dcf.o(i.init_consise_dcf), (94 bytes).
    Removing dcf.o(i.read_consise_dcf_next_entry), (64 bytes).
    Removing dcf.o(i.start_and_seek_node), (64 bytes).
    Removing dcf.o(i.start_node), (26 bytes).
    Removing dcf.o(i.write_consise_dcf_next_entry), (76 bytes).
    Removing emcy.o(i.EMCY_errorRecovered), (152 bytes).
    Removing emcy.o(i.EMCY_setError), (294 bytes).
    Removing emcy.o(i.sendEMCY), (88 bytes).
    Removing lifegrd.o(i.getNodeState), (16 bytes).
    Removing nmtmaster.o(i.masterRequestNodeState), (50 bytes).
    Removing pdo.o(i.PDODisable), (48 bytes).
    Removing pdo.o(i.PDOEnable), (48 bytes).
    Removing pdo.o(i.sendPDOevent), (14 bytes).
    Removing pdo.o(i.sendPDOrequest), (96 bytes).
    Removing sdo.o(i.GetSDOClientFromNodeId), (84 bytes).
    Removing sdo.o(i._readNetworkDict), (316 bytes).
    Removing sdo.o(i._writeNetworkDict), (482 bytes).
    Removing sdo.o(i.closeSDOtransfer), (64 bytes).
    Removing sdo.o(i.getReadResultNetworkDict), (386 bytes).
    Removing sdo.o(i.getSDOlineToClose), (92 bytes).
    Removing sdo.o(i.getWriteResultNetworkDict), (144 bytes).
    Removing sdo.o(i.readNetworkDict), (42 bytes).
    Removing sdo.o(i.readNetworkDictCallback), (40 bytes).
    Removing sdo.o(i.readNetworkDictCallbackAI), (186 bytes).
    Removing sdo.o(i.resetClientSDOLineFromNodeId), (52 bytes).
    Removing sdo.o(i.writeNetworkDict), (54 bytes).
    Removing sdo.o(i.writeNetworkDictCallBack), (46 bytes).
    Removing sdo.o(i.writeNetworkDictCallBackAI), (194 bytes).
    Removing states.o(i.getState), (8 bytes).
    Removing delay.o(i.delay_us), (76 bytes).
    Removing sys.o(.emb_text), (6 bytes).
    Removing sys.o(i.INTX_DISABLE), (4 bytes).
    Removing sys.o(i.INTX_ENABLE), (4 bytes).
    Removing sys.o(i.WFI_SET), (4 bytes).
    Removing usart.o(i._sys_exit), (4 bytes).
    Removing fmul.o(.text), (100 bytes).
    Removing fdiv.o(.text), (124 bytes).
    Removing dadd.o(.text), (334 bytes).
    Removing dmul.o(.text), (228 bytes).
    Removing ddiv.o(.text), (222 bytes).
    Removing fflti.o(.text), (18 bytes).
    Removing ffltui.o(.text), (10 bytes).
    Removing dflti.o(.text), (34 bytes).
    Removing ffixi.o(.text), (50 bytes).
    Removing fepilogue.o(.text), (110 bytes).
    Removing depilogue.o(.text), (186 bytes).
    Removing dscalb.o(.text), (46 bytes).
    Removing dfixul.o(.text), (48 bytes).
    Removing cdcmple.o(.text), (48 bytes).
    Removing cdrcmple.o(.text), (48 bytes).

544 unused section(s) (total 35916 bytes) removed from the image.

==============================================================================

Image Symbol Table

    Local Symbols

    Symbol Name                              Value     Ov Type        Size  Object(Section)

    ../clib/../cmprslib/zerorunl2.c          0x00000000   Number         0  __dczerorl2.o ABSOLUTE
    ../clib/microlib/division.c              0x00000000   Number         0  uidiv.o ABSOLUTE
    ../clib/microlib/division.c              0x00000000   Number         0  uldiv.o ABSOLUTE
    ../clib/microlib/errno.c                 0x00000000   Number         0  errno.o ABSOLUTE
    ../clib/microlib/init/entry.s            0x00000000   Number         0  entry9a.o ABSOLUTE
    ../clib/microlib/init/entry.s            0x00000000   Number         0  entry.o ABSOLUTE
    ../clib/microlib/init/entry.s            0x00000000   Number         0  entry11b.o ABSOLUTE
    ../clib/microlib/init/entry.s            0x00000000   Number         0  entry8b.o ABSOLUTE
    ../clib/microlib/init/entry.s            0x00000000   Number         0  entry11a.o ABSOLUTE
    ../clib/microlib/init/entry.s            0x00000000   Number         0  entry8a.o ABSOLUTE
    ../clib/microlib/init/entry.s            0x00000000   Number         0  entry10b.o ABSOLUTE
    ../clib/microlib/init/entry.s            0x00000000   Number         0  entry10a.o ABSOLUTE
    ../clib/microlib/init/entry.s            0x00000000   Number         0  entry7b.o ABSOLUTE
    ../clib/microlib/init/entry.s            0x00000000   Number         0  entry5.o ABSOLUTE
    ../clib/microlib/init/entry.s            0x00000000   Number         0  entry7a.o ABSOLUTE
    ../clib/microlib/init/entry.s            0x00000000   Number         0  entry2.o ABSOLUTE
    ../clib/microlib/init/entry.s            0x00000000   Number         0  entry9b.o ABSOLUTE
    ../clib/microlib/longlong.c              0x00000000   Number         0  llsshr.o ABSOLUTE
    ../clib/microlib/longlong.c              0x00000000   Number         0  llshl.o ABSOLUTE
    ../clib/microlib/longlong.c              0x00000000   Number         0  llushr.o ABSOLUTE
    ../clib/microlib/printf/printf.c         0x00000000   Number         0  printf7.o ABSOLUTE
    ../clib/microlib/printf/printf.c         0x00000000   Number         0  printf6.o ABSOLUTE
    ../clib/microlib/printf/printf.c         0x00000000   Number         0  printf2.o ABSOLUTE
    ../clib/microlib/printf/printf.c         0x00000000   Number         0  printf3.o ABSOLUTE
    ../clib/microlib/printf/printf.c         0x00000000   Number         0  printf4.o ABSOLUTE
    ../clib/microlib/printf/printf.c         0x00000000   Number         0  printf8.o ABSOLUTE
    ../clib/microlib/printf/printf.c         0x00000000   Number         0  printfa.o ABSOLUTE
    ../clib/microlib/printf/printf.c         0x00000000   Number         0  printf1.o ABSOLUTE
    ../clib/microlib/printf/printf.c         0x00000000   Number         0  printf5.o ABSOLUTE
    ../clib/microlib/printf/printf.c         0x00000000   Number         0  printf0.o ABSOLUTE
    ../clib/microlib/printf/printf.c         0x00000000   Number         0  printfb.o ABSOLUTE
    ../clib/microlib/printf/stubs.s          0x00000000   Number         0  stubs.o ABSOLUTE
    ../clib/microlib/string/memcmp.c         0x00000000   Number         0  memcmp.o ABSOLUTE
    ../clib/microlib/string/memcpy.c         0x00000000   Number         0  memcpya.o ABSOLUTE
    ../clib/microlib/string/memcpy.c         0x00000000   Number         0  memcpyb.o ABSOLUTE
    ../clib/microlib/stubs.s                 0x00000000   Number         0  useno.o ABSOLUTE
    ../clib/microlib/stubs.s                 0x00000000   Number         0  iusefp.o ABSOLUTE
    ../fplib/microlib/fpadd.c                0x00000000   Number         0  dadd.o ABSOLUTE
    ../fplib/microlib/fpdiv.c                0x00000000   Number         0  ddiv.o ABSOLUTE
    ../fplib/microlib/fpdiv.c                0x00000000   Number         0  fdiv.o ABSOLUTE
    ../fplib/microlib/fpepilogue.c           0x00000000   Number         0  fepilogue.o ABSOLUTE
    ../fplib/microlib/fpepilogue.c           0x00000000   Number         0  depilogue.o ABSOLUTE
    ../fplib/microlib/fpfix.c                0x00000000   Number         0  ffixi.o ABSOLUTE
    ../fplib/microlib/fpfix.c                0x00000000   Number         0  dfixul.o ABSOLUTE
    ../fplib/microlib/fpflt.c                0x00000000   Number         0  dflti.o ABSOLUTE
    ../fplib/microlib/fpflt.c                0x00000000   Number         0  ffltui.o ABSOLUTE
    ../fplib/microlib/fpflt.c                0x00000000   Number         0  fflti.o ABSOLUTE
    ../fplib/microlib/fpmul.c                0x00000000   Number         0  fmul.o ABSOLUTE
    ../fplib/microlib/fpmul.c                0x00000000   Number         0  dmul.o ABSOLUTE
    ../fplib/microlib/fpscalb.c              0x00000000   Number         0  dscalb.o ABSOLUTE
    ../mathlib/dunder.c                      0x00000000   Number         0  dunder.o ABSOLUTE
    ../mathlib/log.c                         0x00000000   Number         0  log.o ABSOLUTE
    ../mathlib/log.c                         0x00000000   Number         0  log_x.o ABSOLUTE
    ../mathlib/poly.c                        0x00000000   Number         0  poly.o ABSOLUTE
    ../mathlib/qnan.c                        0x00000000   Number         0  qnan.o ABSOLUTE
    ..\..\CanFestival\driver\TestMaster.c    0x00000000   Number         0  testmaster.o ABSOLUTE
    ..\..\CanFestival\driver\stm32_canfestival.c 0x00000000   Number         0  stm32_canfestival.o ABSOLUTE
    ..\..\CanFestival\src\dcf.c              0x00000000   Number         0  dcf.o ABSOLUTE
    ..\..\CanFestival\src\emcy.c             0x00000000   Number         0  emcy.o ABSOLUTE
    ..\..\CanFestival\src\lifegrd.c          0x00000000   Number         0  lifegrd.o ABSOLUTE
    ..\..\CanFestival\src\lss.c              0x00000000   Number         0  lss.o ABSOLUTE
    ..\..\CanFestival\src\nmtMaster.c        0x00000000   Number         0  nmtmaster.o ABSOLUTE
    ..\..\CanFestival\src\nmtSlave.c         0x00000000   Number         0  nmtslave.o ABSOLUTE
    ..\..\CanFestival\src\objacces.c         0x00000000   Number         0  objacces.o ABSOLUTE
    ..\..\CanFestival\src\pdo.c              0x00000000   Number         0  pdo.o ABSOLUTE
    ..\..\CanFestival\src\sdo.c              0x00000000   Number         0  sdo.o ABSOLUTE
    ..\..\CanFestival\src\states.c           0x00000000   Number         0  states.o ABSOLUTE
    ..\..\CanFestival\src\sync.c             0x00000000   Number         0  sync.o ABSOLUTE
    ..\..\CanFestival\src\timer.c            0x00000000   Number         0  timer.o ABSOLUTE
    ..\..\HARDWARE\ADC\adc.c                 0x00000000   Number         0  adc.o ABSOLUTE
    ..\..\HARDWARE\BEEP\beep.c               0x00000000   Number         0  beep.o ABSOLUTE
    ..\..\HARDWARE\CAN\can_hw.c              0x00000000   Number         0  can_hw.o ABSOLUTE
    ..\..\HARDWARE\EXTI\exti.c               0x00000000   Number         0  exti.o ABSOLUTE
    ..\..\HARDWARE\KEY\key.c                 0x00000000   Number         0  key.o ABSOLUTE
    ..\..\HARDWARE\LED\led.c                 0x00000000   Number         0  led.o ABSOLUTE
    ..\..\HARDWARE\OLED\oled.c               0x00000000   Number         0  oled.o ABSOLUTE
    ..\..\HARDWARE\PWM\timpwm.c              0x00000000   Number         0  timpwm.o ABSOLUTE
    ..\..\HARDWARE\RGB\ws2811_rgb.c          0x00000000   Number         0  ws2811_rgb.o ABSOLUTE
    ..\..\HARDWARE\TIMER3\timer3.c           0x00000000   Number         0  timer3.o ABSOLUTE
    ..\..\Libraries\CMSIS\core_cm3.c         0x00000000   Number         0  core_cm3.o ABSOLUTE
    ..\..\Libraries\CMSIS\startup\startup_stm32f10x_md.s 0x00000000   Number         0  startup_stm32f10x_md.o ABSOLUTE
    ..\..\Libraries\FWlib\src\misc.c         0x00000000   Number         0  misc.o ABSOLUTE
    ..\..\Libraries\FWlib\src\stm32f10x_adc.c 0x00000000   Number         0  stm32f10x_adc.o ABSOLUTE
    ..\..\Libraries\FWlib\src\stm32f10x_bkp.c 0x00000000   Number         0  stm32f10x_bkp.o ABSOLUTE
    ..\..\Libraries\FWlib\src\stm32f10x_can.c 0x00000000   Number         0  stm32f10x_can.o ABSOLUTE
    ..\..\Libraries\FWlib\src\stm32f10x_cec.c 0x00000000   Number         0  stm32f10x_cec.o ABSOLUTE
    ..\..\Libraries\FWlib\src\stm32f10x_crc.c 0x00000000   Number         0  stm32f10x_crc.o ABSOLUTE
    ..\..\Libraries\FWlib\src\stm32f10x_dac.c 0x00000000   Number         0  stm32f10x_dac.o ABSOLUTE
    ..\..\Libraries\FWlib\src\stm32f10x_dbgmcu.c 0x00000000   Number         0  stm32f10x_dbgmcu.o ABSOLUTE
    ..\..\Libraries\FWlib\src\stm32f10x_dma.c 0x00000000   Number         0  stm32f10x_dma.o ABSOLUTE
    ..\..\Libraries\FWlib\src\stm32f10x_exti.c 0x00000000   Number         0  stm32f10x_exti.o ABSOLUTE
    ..\..\Libraries\FWlib\src\stm32f10x_flash.c 0x00000000   Number         0  stm32f10x_flash.o ABSOLUTE
    ..\..\Libraries\FWlib\src\stm32f10x_fsmc.c 0x00000000   Number         0  stm32f10x_fsmc.o ABSOLUTE
    ..\..\Libraries\FWlib\src\stm32f10x_gpio.c 0x00000000   Number         0  stm32f10x_gpio.o ABSOLUTE
    ..\..\Libraries\FWlib\src\stm32f10x_i2c.c 0x00000000   Number         0  stm32f10x_i2c.o ABSOLUTE
    ..\..\Libraries\FWlib\src\stm32f10x_iwdg.c 0x00000000   Number         0  stm32f10x_iwdg.o ABSOLUTE
    ..\..\Libraries\FWlib\src\stm32f10x_pwr.c 0x00000000   Number         0  stm32f10x_pwr.o ABSOLUTE
    ..\..\Libraries\FWlib\src\stm32f10x_rcc.c 0x00000000   Number         0  stm32f10x_rcc.o ABSOLUTE
    ..\..\Libraries\FWlib\src\stm32f10x_rtc.c 0x00000000   Number         0  stm32f10x_rtc.o ABSOLUTE
    ..\..\Libraries\FWlib\src\stm32f10x_sdio.c 0x00000000   Number         0  stm32f10x_sdio.o ABSOLUTE
    ..\..\Libraries\FWlib\src\stm32f10x_spi.c 0x00000000   Number         0  stm32f10x_spi.o ABSOLUTE
    ..\..\Libraries\FWlib\src\stm32f10x_tim.c 0x00000000   Number         0  stm32f10x_tim.o ABSOLUTE
    ..\..\Libraries\FWlib\src\stm32f10x_usart.c 0x00000000   Number         0  stm32f10x_usart.o ABSOLUTE
    ..\..\Libraries\FWlib\src\stm32f10x_wwdg.c 0x00000000   Number         0  stm32f10x_wwdg.o ABSOLUTE
    ..\..\User\delay\delay.c                 0x00000000   Number         0  delay.o ABSOLUTE
    ..\..\User\main.c                        0x00000000   Number         0  main.o ABSOLUTE
    ..\..\User\stm32f10x_it.c                0x00000000   Number         0  stm32f10x_it.o ABSOLUTE
    ..\..\User\sys\sys.c                     0x00000000   Number         0  sys.o ABSOLUTE
    ..\..\User\system_stm32f10x.c            0x00000000   Number         0  system_stm32f10x_1.o ABSOLUTE
    ..\..\User\usart\usart.c                 0x00000000   Number         0  usart.o ABSOLUTE
    ..\\..\\Libraries\\CMSIS\\core_cm3.c     0x00000000   Number         0  core_cm3.o ABSOLUTE
    ..\\..\\User\\sys\\sys.c                 0x00000000   Number         0  sys.o ABSOLUTE
    cdcmple.s                                0x00000000   Number         0  cdcmple.o ABSOLUTE
    cdrcmple.s                               0x00000000   Number         0  cdrcmple.o ABSOLUTE
    dc.s                                     0x00000000   Number         0  dc.o ABSOLUTE
    handlers.s                               0x00000000   Number         0  handlers.o ABSOLUTE
    init.s                                   0x00000000   Number         0  init.o ABSOLUTE
    RESET                                    0x08000000   Section      236  startup_stm32f10x_md.o(RESET)
    .ARM.Collect$$$$00000000                 0x080000ec   Section        0  entry.o(.ARM.Collect$$$$00000000)
    .ARM.Collect$$$$00000001                 0x080000ec   Section        4  entry2.o(.ARM.Collect$$$$00000001)
    .ARM.Collect$$$$00000004                 0x080000f0   Section        4  entry5.o(.ARM.Collect$$$$00000004)
    .ARM.Collect$$$$00000008                 0x080000f4   Section        0  entry7b.o(.ARM.Collect$$$$00000008)
    .ARM.Collect$$$$0000000A                 0x080000f4   Section        0  entry8b.o(.ARM.Collect$$$$0000000A)
    .ARM.Collect$$$$0000000B                 0x080000f4   Section        8  entry9a.o(.ARM.Collect$$$$0000000B)
    .ARM.Collect$$$$0000000D                 0x080000fc   Section        0  entry10a.o(.ARM.Collect$$$$0000000D)
    .ARM.Collect$$$$0000000F                 0x080000fc   Section        0  entry11a.o(.ARM.Collect$$$$0000000F)
    .ARM.Collect$$$$00002712                 0x080000fc   Section        4  entry2.o(.ARM.Collect$$$$00002712)
    __lit__00000000                          0x080000fc   Data           4  entry2.o(.ARM.Collect$$$$00002712)
    .text                                    0x08000100   Section       36  startup_stm32f10x_md.o(.text)
    .text                                    0x08000124   Section        0  memcpya.o(.text)
    .text                                    0x08000148   Section        0  memcmp.o(.text)
    .text                                    0x08000162   Section        0  uidiv.o(.text)
    .text                                    0x08000190   Section       36  init.o(.text)
    .text                                    0x080001b4   Section        0  __dczerorl2.o(.text)
    i.BusFault_Handler                       0x0800020a   Section        0  stm32f10x_it.o(i.BusFault_Handler)
    i.CAN_FilterInit                         0x08000210   Section        0  stm32f10x_can.o(i.CAN_FilterInit)
    i.CAN_ITConfig                           0x08000318   Section        0  stm32f10x_can.o(i.CAN_ITConfig)
    i.CAN_Init                               0x0800032a   Section        0  stm32f10x_can.o(i.CAN_Init)
    i.CAN_Mode_Init                          0x08000440   Section        0  can_hw.o(i.CAN_Mode_Init)
    i.CAN_Receive                            0x08000538   Section        0  stm32f10x_can.o(i.CAN_Receive)
    i.CAN_Transmit                           0x08000628   Section        0  stm32f10x_can.o(i.CAN_Transmit)
    i.ConsumerHeartbeatAlarm                 0x0800074e   Section        0  lifegrd.o(i.ConsumerHeartbeatAlarm)
    i.CopyBits                               0x08000780   Section        0  pdo.o(i.CopyBits)
    i.DebugMon_Handler                       0x0800086c   Section        0  stm32f10x_it.o(i.DebugMon_Handler)
    i.DelAlarm                               0x08000870   Section        0  timer.o(i.DelAlarm)
    i.EXTI0_IRQHandler                       0x080008a8   Section        0  exti.o(i.EXTI0_IRQHandler)
    i.EXTI1_IRQHandler                       0x080008d0   Section        0  exti.o(i.EXTI1_IRQHandler)
    i.EXTI2_IRQHandler                       0x080008f8   Section        0  exti.o(i.EXTI2_IRQHandler)
    i.EXTI3_IRQHandler                       0x08000920   Section        0  exti.o(i.EXTI3_IRQHandler)
    i.EXTI4_IRQHandler                       0x08000948   Section        0  exti.o(i.EXTI4_IRQHandler)
    i.EXTI9_5_IRQHandler                     0x08000970   Section        0  exti.o(i.EXTI9_5_IRQHandler)
    i.EXTI_ClearITPendingBit                 0x08000998   Section        0  stm32f10x_exti.o(i.EXTI_ClearITPendingBit)
    i.EXTI_GetFlagStatus                     0x080009a4   Section        0  stm32f10x_exti.o(i.EXTI_GetFlagStatus)
    i.GPIO_Init                              0x080009bc   Section        0  stm32f10x_gpio.o(i.GPIO_Init)
    i.GuardTimeAlarm                         0x08000ad2   Section        0  lifegrd.o(i.GuardTimeAlarm)
    i.HardFault_Handler                      0x08000b48   Section        0  stm32f10x_it.o(i.HardFault_Handler)
    i.MemManage_Handler                      0x08000b4c   Section        0  stm32f10x_it.o(i.MemManage_Handler)
    i.NMI_Handler                            0x08000b50   Section        0  stm32f10x_it.o(i.NMI_Handler)
    i.NVIC_Init                              0x08000b54   Section        0  misc.o(i.NVIC_Init)
    i.NVIC_PriorityGroupConfig               0x08000bc4   Section        0  misc.o(i.NVIC_PriorityGroupConfig)
    i.OnCOB_ID_SyncUpdate                    0x08000bd8   Section        0  sync.o(i.OnCOB_ID_SyncUpdate)
    i.OnHeartbeatProducerUpdate              0x08000bec   Section        0  lifegrd.o(i.OnHeartbeatProducerUpdate)
    i.OnNodeGuardUpdate                      0x08000c34   Section        0  lifegrd.o(i.OnNodeGuardUpdate)
    i.OnNumberOfErrorsUpdate                 0x08000c4c   Section        0  emcy.o(i.OnNumberOfErrorsUpdate)
    i.PDOEventTimerAlarm                     0x08000c78   Section        0  pdo.o(i.PDOEventTimerAlarm)
    i.PDOInhibitTimerAlarm                   0x08000ca6   Section        0  pdo.o(i.PDOInhibitTimerAlarm)
    i.PDOInit                                0x08000ce0   Section        0  pdo.o(i.PDOInit)
    i.PDOStop                                0x08000d38   Section        0  pdo.o(i.PDOStop)
    i.PendSV_Handler                         0x08000db0   Section        0  stm32f10x_it.o(i.PendSV_Handler)
    i.ProducerHeartbeatAlarm                 0x08000db2   Section        0  lifegrd.o(i.ProducerHeartbeatAlarm)
    i.RCC_APB1PeriphClockCmd                 0x08000dfc   Section        0  stm32f10x_rcc.o(i.RCC_APB1PeriphClockCmd)
    i.RCC_APB2PeriphClockCmd                 0x08000e1c   Section        0  stm32f10x_rcc.o(i.RCC_APB2PeriphClockCmd)
    i.RCC_GetClocksFreq                      0x08000e3c   Section        0  stm32f10x_rcc.o(i.RCC_GetClocksFreq)
    i.RegisterSetODentryCallBack             0x08000f10   Section        0  objacces.o(i.RegisterSetODentryCallBack)
    i.SDOTimeoutAlarm                        0x08000f44   Section        0  sdo.o(i.SDOTimeoutAlarm)
    i.SDOlineToObjdict                       0x08001074   Section        0  sdo.o(i.SDOlineToObjdict)
    i.SDOtoLine                              0x08001120   Section        0  sdo.o(i.SDOtoLine)
    i.SVC_Handler                            0x080011a6   Section        0  stm32f10x_it.o(i.SVC_Handler)
    i.SetAlarm                               0x080011a8   Section        0  timer.o(i.SetAlarm)
    i.SetSysClock                            0x08001260   Section        0  system_stm32f10x_1.o(i.SetSysClock)
    SetSysClock                              0x08001261   Thumb Code     8  system_stm32f10x_1.o(i.SetSysClock)
    i.SetSysClockTo72                        0x08001268   Section        0  system_stm32f10x_1.o(i.SetSysClockTo72)
    SetSysClockTo72                          0x08001269   Thumb Code   214  system_stm32f10x_1.o(i.SetSysClockTo72)
    i.SyncAlarm                              0x08001348   Section        0  sync.o(i.SyncAlarm)
    i.SysTick_CLKSourceConfig                0x08001356   Section        0  misc.o(i.SysTick_CLKSourceConfig)
    i.SysTick_Handler                        0x0800137e   Section        0  stm32f10x_it.o(i.SysTick_Handler)
    i.SystemInit                             0x08001380   Section        0  system_stm32f10x_1.o(i.SystemInit)
    i.TIM3_IRQHandler                        0x080013e0   Section        0  stm32_canfestival.o(i.TIM3_IRQHandler)
    i.TIM3_Init                              0x08001468   Section        0  timer3.o(i.TIM3_Init)
    i.TIM_ClearITPendingBit                  0x080014c8   Section        0  stm32f10x_tim.o(i.TIM_ClearITPendingBit)
    i.TIM_Cmd                                0x080014ce   Section        0  stm32f10x_tim.o(i.TIM_Cmd)
    i.TIM_GetITStatus                        0x080014e6   Section        0  stm32f10x_tim.o(i.TIM_GetITStatus)
    i.TIM_ITConfig                           0x08001508   Section        0  stm32f10x_tim.o(i.TIM_ITConfig)
    i.TIM_TimeBaseInit                       0x0800151c   Section        0  stm32f10x_tim.o(i.TIM_TimeBaseInit)
    i.TPDO_Communication_Parameter_Callback  0x080015c0   Section        0  pdo.o(i.TPDO_Communication_Parameter_Callback)
    i.TestMaster_scanIndexOD                 0x08001654   Section        0  testmaster.o(i.TestMaster_scanIndexOD)
    i.TestMaster_valueRangeTest              0x0800173c   Section        0  testmaster.o(i.TestMaster_valueRangeTest)
    i.TimeDispatch                           0x08001758   Section        0  timer.o(i.TimeDispatch)
    i.USART2_IRQHandler                      0x08001818   Section        0  usart.o(i.USART2_IRQHandler)
    i.USART_Cmd                              0x080018a0   Section        0  stm32f10x_usart.o(i.USART_Cmd)
    i.USART_GetITStatus                      0x080018b8   Section        0  stm32f10x_usart.o(i.USART_GetITStatus)
    i.USART_ITConfig                         0x0800190c   Section        0  stm32f10x_usart.o(i.USART_ITConfig)
    i.USART_Init                             0x08001958   Section        0  stm32f10x_usart.o(i.USART_Init)
    i.USART_ReceiveData                      0x08001a30   Section        0  stm32f10x_usart.o(i.USART_ReceiveData)
    i.USB_LP_CAN1_RX0_IRQHandler             0x08001a3c   Section        0  can_hw.o(i.USB_LP_CAN1_RX0_IRQHandler)
    i.UsageFault_Handler                     0x08001aa4   Section        0  stm32f10x_it.o(i.UsageFault_Handler)
    i._RxPDO_EventTimers_Handler             0x08001aa8   Section        0  pdo.o(i._RxPDO_EventTimers_Handler)
    i.__0printf$1                            0x08001aac   Section        0  printf1.o(i.__0printf$1)
    i.__scatterload_copy                     0x08001acc   Section       14  handlers.o(i.__scatterload_copy)
    i.__scatterload_null                     0x08001ada   Section        2  handlers.o(i.__scatterload_null)
    i.__scatterload_zeroinit                 0x08001adc   Section       14  handlers.o(i.__scatterload_zeroinit)
    i._getODentry                            0x08001aec   Section        0  objacces.o(i._getODentry)
    i._heartbeatError                        0x08001bd8   Section        0  lifegrd.o(i._heartbeatError)
    i._initialisation                        0x08001bda   Section        0  states.o(i._initialisation)
    i._nodeguardError                        0x08001bdc   Section        0  lifegrd.o(i._nodeguardError)
    i._operational                           0x08001bde   Section        0  states.o(i._operational)
    i._post_SlaveBootup                      0x08001be0   Section        0  lifegrd.o(i._post_SlaveBootup)
    i._post_SlaveStateChange                 0x08001be2   Section        0  lifegrd.o(i._post_SlaveStateChange)
    i._post_TPDO                             0x08001be4   Section        0  sync.o(i._post_TPDO)
    i._post_emcy                             0x08001be6   Section        0  emcy.o(i._post_emcy)
    i._post_sync                             0x08001bec   Section        0  sync.o(i._post_sync)
    i._preOperational                        0x08001bee   Section        0  states.o(i._preOperational)
    i._printf_core                           0x08001c04   Section        0  printf1.o(i._printf_core)
    _printf_core                             0x08001c05   Thumb Code   336  printf1.o(i._printf_core)
    i._sendPDOevent                          0x08001d58   Section        0  pdo.o(i._sendPDOevent)
    i._setODentry                            0x08001ef0   Section        0  objacces.o(i._setODentry)
    i._stopped                               0x08002028   Section        0  states.o(i._stopped)
    i._storeODSubIndex                       0x0800202a   Section        0  objacces.o(i._storeODSubIndex)
    i.accessDictionaryError                  0x08002030   Section        0  objacces.o(i.accessDictionaryError)
    i.buildPDO                               0x0800203a   Section        0  pdo.o(i.buildPDO)
    i.canDispatch                            0x08002128   Section        0  states.o(i.canDispatch)
    i.canSend                                0x080021c4   Section        0  can_hw.o(i.canSend)
    i.delay_init                             0x08002218   Section        0  delay.o(i.delay_init)
    i.delay_ms                               0x0800225c   Section        0  delay.o(i.delay_ms)
    i.emergencyInit                          0x080022a8   Section        0  emcy.o(i.emergencyInit)
    i.emergencyStop                          0x080022c8   Section        0  emcy.o(i.emergencyStop)
    i.failedSDO                              0x080022ca   Section        0  sdo.o(i.failedSDO)
    i.fputc                                  0x08002380   Section        0  usart.o(i.fputc)
    i.getElapsedTime                         0x0800239c   Section        0  stm32_canfestival.o(i.getElapsedTime)
    i.getNodeId                              0x080023e0   Section        0  states.o(i.getNodeId)
    i.getSDOfreeLine                         0x080023e8   Section        0  sdo.o(i.getSDOfreeLine)
    i.getSDOlineOnUse                        0x0800242a   Section        0  sdo.o(i.getSDOlineOnUse)
    i.getSDOlineRestBytes                    0x0800249c   Section        0  sdo.o(i.getSDOlineRestBytes)
    i.heartbeatInit                          0x080024e8   Section        0  lifegrd.o(i.heartbeatInit)
    i.heartbeatStop                          0x0800257c   Section        0  lifegrd.o(i.heartbeatStop)
    i.initSDOline                            0x080025b4   Section        0  sdo.o(i.initSDOline)
    i.lifeGuardInit                          0x08002778   Section        0  lifegrd.o(i.lifeGuardInit)
    i.lifeGuardStop                          0x0800278a   Section        0  lifegrd.o(i.lifeGuardStop)
    i.lineToSDO                              0x0800279c   Section        0  sdo.o(i.lineToSDO)
    i.main                                   0x0800284c   Section        0  main.o(i.main)
    i.masterSendNMTnodeguard                 0x08002914   Section        0  nmtmaster.o(i.masterSendNMTnodeguard)
    i.masterSendNMTstateChange               0x0800293a   Section        0  nmtmaster.o(i.masterSendNMTstateChange)
    i.nodeguardInit                          0x08002968   Section        0  lifegrd.o(i.nodeguardInit)
    i.nodeguardStop                          0x080029f4   Section        0  lifegrd.o(i.nodeguardStop)
    i.objdictToSDOline                       0x08002a06   Section        0  sdo.o(i.objdictToSDOline)
    i.proceedEMCY                            0x08002a94   Section        0  emcy.o(i.proceedEMCY)
    i.proceedNMTstateChange                  0x08002ace   Section        0  nmtslave.o(i.proceedNMTstateChange)
    i.proceedNODE_GUARD                      0x08002bb0   Section        0  lifegrd.o(i.proceedNODE_GUARD)
    i.proceedPDO                             0x08002cc8   Section        0  pdo.o(i.proceedPDO)
    i.proceedSDO                             0x08002fa4   Section        0  sdo.o(i.proceedSDO)
    i.proceedSYNC                            0x08005aec   Section        0  sync.o(i.proceedSYNC)
    i.resetSDO                               0x08005b18   Section        0  sdo.o(i.resetSDO)
    i.resetSDOline                           0x08005b32   Section        0  sdo.o(i.resetSDOline)
    i.sendOnePDOevent                        0x08005b94   Section        0  pdo.o(i.sendOnePDOevent)
    i.sendPdo                                0x08005ce8   Section        0  pdo.o(i.sendPdo)
    sendPdo                                  0x08005ce9   Thumb Code    44  pdo.o(i.sendPdo)
    i.sendSDO                                0x08005d14   Section        0  sdo.o(i.sendSDO)
    i.sendSDOabort                           0x08005db6   Section        0  sdo.o(i.sendSDOabort)
    i.sendSYNC                               0x08005e08   Section        0  sync.o(i.sendSYNC)
    i.sendSYNCMessage                        0x08005e1e   Section        0  sync.o(i.sendSYNCMessage)
    i.setNodeId                              0x08005e44   Section        0  states.o(i.setNodeId)
    i.setSDOlineRestBytes                    0x08005ff4   Section        0  sdo.o(i.setSDOlineRestBytes)
    i.setState                               0x08006018   Section        0  states.o(i.setState)
    i.setTimer                               0x080060e4   Section        0  stm32_canfestival.o(i.setTimer)
    i.slaveSendBootUp                        0x08006108   Section        0  nmtslave.o(i.slaveSendBootUp)
    i.startSYNC                              0x08006138   Section        0  sync.o(i.startSYNC)
    i.stopSYNC                               0x080061a4   Section        0  sync.o(i.stopSYNC)
    i.switchCommunicationState               0x080061d2   Section        0  states.o(i.switchCommunicationState)
    i.uart_init                              0x080062f0   Section        0  usart.o(i.uart_init)
    .constdata                               0x08006394   Section      150  testmaster.o(.constdata)
    .constdata                               0x0800642c   Section       64  states.o(.constdata)
    .conststring                             0x0800646c   Section        1  testmaster.o(.conststring)
    .conststrlit                             0x08006470   Section       14  testmaster.o(.conststrlit)
    .data                                    0x20000000   Section       20  stm32f10x_rcc.o(.data)
    APBAHBPrescTable                         0x20000000   Data          16  stm32f10x_rcc.o(.data)
    ADCPrescTable                            0x20000010   Data           4  stm32f10x_rcc.o(.data)
    .data                                    0x20000014   Section        1  main.o(.data)
    .data                                    0x20000018   Section       20  system_stm32f10x_1.o(.data)
    .data                                    0x2000002c   Section       16  stm32_canfestival.o(.data)
    last_time_set                            0x20000038   Data           4  stm32_canfestival.o(.data)
    .data                                    0x2000003c   Section     1452  testmaster.o(.data)
    .data                                    0x200005e8   Section       12  timer.o(.data)
    .data                                    0x200005f4   Section        4  delay.o(.data)
    fac_us                                   0x200005f4   Data           1  delay.o(.data)
    fac_ms                                   0x200005f6   Data           2  delay.o(.data)
    .data                                    0x200005f8   Section        6  usart.o(.data)
    .bss                                     0x20000600   Section      192  timer.o(.bss)
    .bss                                     0x200006c0   Section      200  usart.o(.bss)
    STACK                                    0x20000788   Section     1024  startup_stm32f10x_md.o(STACK)

    Global Symbols

    Symbol Name                              Value     Ov Type        Size  Object(Section)

    BuildAttributes$$THM_ISAv4$P$D$K$B$S$PE$A:L22UL41UL21$X:L11$S22US41US21$IEEE1$IW$USESV6$~STKCKD$USESV7$~SHL$OTIME$ROPI$IEEEX$EBA8$MICROLIB$REQ8$PRES8$EABIv2 0x00000000   Number         0  anon$$obj.o ABSOLUTE
    __ARM_use_no_argv                        0x00000000   Number         0  main.o ABSOLUTE
    __use_no_errno                           0x00000000   Number         0  useno.o ABSOLUTE
    __use_no_exception_handling              0x00000000   Number         0  useno.o ABSOLUTE
    __use_no_fp                              0x00000000   Number         0  useno.o ABSOLUTE
    __use_no_heap                            0x00000000   Number         0  useno.o ABSOLUTE
    __use_no_heap_region                     0x00000000   Number         0  useno.o ABSOLUTE
    __use_no_semihosting                     0x00000000   Number         0  useno.o ABSOLUTE
    __use_no_semihosting_swi                 0x00000000   Number         0  useno.o ABSOLUTE
    __use_no_signal_handling                 0x00000000   Number         0  useno.o ABSOLUTE
    _printf_a                                0x00000000   Number         0  stubs.o ABSOLUTE
    _printf_c                                0x00000000   Number         0  stubs.o ABSOLUTE
    _printf_charcount                        0x00000000   Number         0  stubs.o ABSOLUTE
    _printf_d                                0x00000000   Number         0  stubs.o ABSOLUTE
    _printf_e                                0x00000000   Number         0  stubs.o ABSOLUTE
    _printf_f                                0x00000000   Number         0  stubs.o ABSOLUTE
    _printf_flags                            0x00000000   Number         0  stubs.o ABSOLUTE
    _printf_fp_dec                           0x00000000   Number         0  stubs.o ABSOLUTE
    _printf_fp_hex                           0x00000000   Number         0  stubs.o ABSOLUTE
    _printf_g                                0x00000000   Number         0  stubs.o ABSOLUTE
    _printf_i                                0x00000000   Number         0  stubs.o ABSOLUTE
    _printf_int_dec                          0x00000000   Number         0  stubs.o ABSOLUTE
    _printf_l                                0x00000000   Number         0  stubs.o ABSOLUTE
    _printf_lc                               0x00000000   Number         0  stubs.o ABSOLUTE
    _printf_ll                               0x00000000   Number         0  stubs.o ABSOLUTE
    _printf_lld                              0x00000000   Number         0  stubs.o ABSOLUTE
    _printf_lli                              0x00000000   Number         0  stubs.o ABSOLUTE
    _printf_llo                              0x00000000   Number         0  stubs.o ABSOLUTE
    _printf_llu                              0x00000000   Number         0  stubs.o ABSOLUTE
    _printf_llx                              0x00000000   Number         0  stubs.o ABSOLUTE
    _printf_longlong_dec                     0x00000000   Number         0  stubs.o ABSOLUTE
    _printf_longlong_hex                     0x00000000   Number         0  stubs.o ABSOLUTE
    _printf_longlong_oct                     0x00000000   Number         0  stubs.o ABSOLUTE
    _printf_ls                               0x00000000   Number         0  stubs.o ABSOLUTE
    _printf_mbtowc                           0x00000000   Number         0  stubs.o ABSOLUTE
    _printf_n                                0x00000000   Number         0  stubs.o ABSOLUTE
    _printf_o                                0x00000000   Number         0  stubs.o ABSOLUTE
    _printf_p                                0x00000000   Number         0  stubs.o ABSOLUTE
    _printf_percent                          0x00000000   Number         0  stubs.o ABSOLUTE
    _printf_pre_padding                      0x00000000   Number         0  stubs.o ABSOLUTE
    _printf_return_value                     0x00000000   Number         0  stubs.o ABSOLUTE
    _printf_s                                0x00000000   Number         0  stubs.o ABSOLUTE
    _printf_sizespec                         0x00000000   Number         0  stubs.o ABSOLUTE
    _printf_str                              0x00000000   Number         0  stubs.o ABSOLUTE
    _printf_truncate_signed                  0x00000000   Number         0  stubs.o ABSOLUTE
    _printf_truncate_unsigned                0x00000000   Number         0  stubs.o ABSOLUTE
    _printf_u                                0x00000000   Number         0  stubs.o ABSOLUTE
    _printf_wc                               0x00000000   Number         0  stubs.o ABSOLUTE
    _printf_wctomb                           0x00000000   Number         0  stubs.o ABSOLUTE
    _printf_widthprec                        0x00000000   Number         0  stubs.o ABSOLUTE
    _printf_x                                0x00000000   Number         0  stubs.o ABSOLUTE
    __cpp_initialize__aeabi_                  - Undefined Weak Reference
    __cxa_finalize                            - Undefined Weak Reference
    _clock_init                               - Undefined Weak Reference
    _microlib_exit                            - Undefined Weak Reference
    __Vectors_Size                           0x000000ec   Number         0  startup_stm32f10x_md.o ABSOLUTE
    __Vectors                                0x08000000   Data           4  startup_stm32f10x_md.o(RESET)
    __Vectors_End                            0x080000ec   Data           0  startup_stm32f10x_md.o(RESET)
    __main                                   0x080000ed   Thumb Code     0  entry.o(.ARM.Collect$$$$00000000)
    _main_stk                                0x080000ed   Thumb Code     0  entry2.o(.ARM.Collect$$$$00000001)
    _main_scatterload                        0x080000f1   Thumb Code     0  entry5.o(.ARM.Collect$$$$00000004)
    __main_after_scatterload                 0x080000f5   Thumb Code     0  entry5.o(.ARM.Collect$$$$00000004)
    _main_clock                              0x080000f5   Thumb Code     0  entry7b.o(.ARM.Collect$$$$00000008)
    _main_cpp_init                           0x080000f5   Thumb Code     0  entry8b.o(.ARM.Collect$$$$0000000A)
    _main_init                               0x080000f5   Thumb Code     0  entry9a.o(.ARM.Collect$$$$0000000B)
    __rt_final_cpp                           0x080000fd   Thumb Code     0  entry10a.o(.ARM.Collect$$$$0000000D)
    __rt_final_exit                          0x080000fd   Thumb Code     0  entry11a.o(.ARM.Collect$$$$0000000F)
    Reset_Handler                            0x08000101   Thumb Code     8  startup_stm32f10x_md.o(.text)
    ADC1_2_IRQHandler                        0x0800011b   Thumb Code     0  startup_stm32f10x_md.o(.text)
    CAN1_RX1_IRQHandler                      0x0800011b   Thumb Code     0  startup_stm32f10x_md.o(.text)
    CAN1_SCE_IRQHandler                      0x0800011b   Thumb Code     0  startup_stm32f10x_md.o(.text)
    DMA1_Channel1_IRQHandler                 0x0800011b   Thumb Code     0  startup_stm32f10x_md.o(.text)
    DMA1_Channel2_IRQHandler                 0x0800011b   Thumb Code     0  startup_stm32f10x_md.o(.text)
    DMA1_Channel3_IRQHandler                 0x0800011b   Thumb Code     0  startup_stm32f10x_md.o(.text)
    DMA1_Channel4_IRQHandler                 0x0800011b   Thumb Code     0  startup_stm32f10x_md.o(.text)
    DMA1_Channel5_IRQHandler                 0x0800011b   Thumb Code     0  startup_stm32f10x_md.o(.text)
    DMA1_Channel6_IRQHandler                 0x0800011b   Thumb Code     0  startup_stm32f10x_md.o(.text)
    DMA1_Channel7_IRQHandler                 0x0800011b   Thumb Code     0  startup_stm32f10x_md.o(.text)
    EXTI15_10_IRQHandler                     0x0800011b   Thumb Code     0  startup_stm32f10x_md.o(.text)
    FLASH_IRQHandler                         0x0800011b   Thumb Code     0  startup_stm32f10x_md.o(.text)
    I2C1_ER_IRQHandler                       0x0800011b   Thumb Code     0  startup_stm32f10x_md.o(.text)
    I2C1_EV_IRQHandler                       0x0800011b   Thumb Code     0  startup_stm32f10x_md.o(.text)
    I2C2_ER_IRQHandler                       0x0800011b   Thumb Code     0  startup_stm32f10x_md.o(.text)
    I2C2_EV_IRQHandler                       0x0800011b   Thumb Code     0  startup_stm32f10x_md.o(.text)
    PVD_IRQHandler                           0x0800011b   Thumb Code     0  startup_stm32f10x_md.o(.text)
    RCC_IRQHandler                           0x0800011b   Thumb Code     0  startup_stm32f10x_md.o(.text)
    RTCAlarm_IRQHandler                      0x0800011b   Thumb Code     0  startup_stm32f10x_md.o(.text)
    RTC_IRQHandler                           0x0800011b   Thumb Code     0  startup_stm32f10x_md.o(.text)
    SPI1_IRQHandler                          0x0800011b   Thumb Code     0  startup_stm32f10x_md.o(.text)
    SPI2_IRQHandler                          0x0800011b   Thumb Code     0  startup_stm32f10x_md.o(.text)
    TAMPER_IRQHandler                        0x0800011b   Thumb Code     0  startup_stm32f10x_md.o(.text)
    TIM1_BRK_IRQHandler                      0x0800011b   Thumb Code     0  startup_stm32f10x_md.o(.text)
    TIM1_CC_IRQHandler                       0x0800011b   Thumb Code     0  startup_stm32f10x_md.o(.text)
    TIM1_TRG_COM_IRQHandler                  0x0800011b   Thumb Code     0  startup_stm32f10x_md.o(.text)
    TIM1_UP_IRQHandler                       0x0800011b   Thumb Code     0  startup_stm32f10x_md.o(.text)
    TIM2_IRQHandler                          0x0800011b   Thumb Code     0  startup_stm32f10x_md.o(.text)
    TIM4_IRQHandler                          0x0800011b   Thumb Code     0  startup_stm32f10x_md.o(.text)
    USART1_IRQHandler                        0x0800011b   Thumb Code     0  startup_stm32f10x_md.o(.text)
    USART3_IRQHandler                        0x0800011b   Thumb Code     0  startup_stm32f10x_md.o(.text)
    USBWakeUp_IRQHandler                     0x0800011b   Thumb Code     0  startup_stm32f10x_md.o(.text)
    USB_HP_CAN1_TX_IRQHandler                0x0800011b   Thumb Code     0  startup_stm32f10x_md.o(.text)
    WWDG_IRQHandler                          0x0800011b   Thumb Code     0  startup_stm32f10x_md.o(.text)
    __aeabi_memcpy                           0x08000125   Thumb Code    36  memcpya.o(.text)
    __aeabi_memcpy4                          0x08000125   Thumb Code     0  memcpya.o(.text)
    __aeabi_memcpy8                          0x08000125   Thumb Code     0  memcpya.o(.text)
    memcmp                                   0x08000149   Thumb Code    26  memcmp.o(.text)
    __aeabi_uidiv                            0x08000163   Thumb Code     0  uidiv.o(.text)
    __aeabi_uidivmod                         0x08000163   Thumb Code    44  uidiv.o(.text)
    __scatterload                            0x08000191   Thumb Code    28  init.o(.text)
    __scatterload_rt2                        0x08000191   Thumb Code     0  init.o(.text)
    __decompress                             0x080001b5   Thumb Code     0  __dczerorl2.o(.text)
    __decompress1                            0x080001b5   Thumb Code    86  __dczerorl2.o(.text)
    BusFault_Handler                         0x0800020b   Thumb Code     4  stm32f10x_it.o(i.BusFault_Handler)
    CAN_FilterInit                           0x08000211   Thumb Code   258  stm32f10x_can.o(i.CAN_FilterInit)
    CAN_ITConfig                             0x08000319   Thumb Code    18  stm32f10x_can.o(i.CAN_ITConfig)
    CAN_Init                                 0x0800032b   Thumb Code   276  stm32f10x_can.o(i.CAN_Init)
    CAN_Mode_Init                            0x08000441   Thumb Code   240  can_hw.o(i.CAN_Mode_Init)
    CAN_Receive                              0x08000539   Thumb Code   240  stm32f10x_can.o(i.CAN_Receive)
    CAN_Transmit                             0x08000629   Thumb Code   294  stm32f10x_can.o(i.CAN_Transmit)
    ConsumerHeartbeatAlarm                   0x0800074f   Thumb Code    50  lifegrd.o(i.ConsumerHeartbeatAlarm)
    CopyBits                                 0x08000781   Thumb Code   236  pdo.o(i.CopyBits)
    DebugMon_Handler                         0x0800086d   Thumb Code     2  stm32f10x_it.o(i.DebugMon_Handler)
    DelAlarm                                 0x08000871   Thumb Code    46  timer.o(i.DelAlarm)
    EXTI0_IRQHandler                         0x080008a9   Thumb Code    24  exti.o(i.EXTI0_IRQHandler)
    EXTI1_IRQHandler                         0x080008d1   Thumb Code    24  exti.o(i.EXTI1_IRQHandler)
    EXTI2_IRQHandler                         0x080008f9   Thumb Code    24  exti.o(i.EXTI2_IRQHandler)
    EXTI3_IRQHandler                         0x08000921   Thumb Code    24  exti.o(i.EXTI3_IRQHandler)
    EXTI4_IRQHandler                         0x08000949   Thumb Code    24  exti.o(i.EXTI4_IRQHandler)
    EXTI9_5_IRQHandler                       0x08000971   Thumb Code    24  exti.o(i.EXTI9_5_IRQHandler)
    EXTI_ClearITPendingBit                   0x08000999   Thumb Code     6  stm32f10x_exti.o(i.EXTI_ClearITPendingBit)
    EXTI_GetFlagStatus                       0x080009a5   Thumb Code    20  stm32f10x_exti.o(i.EXTI_GetFlagStatus)
    GPIO_Init                                0x080009bd   Thumb Code   278  stm32f10x_gpio.o(i.GPIO_Init)
    GuardTimeAlarm                           0x08000ad3   Thumb Code   118  lifegrd.o(i.GuardTimeAlarm)
    HardFault_Handler                        0x08000b49   Thumb Code     4  stm32f10x_it.o(i.HardFault_Handler)
    MemManage_Handler                        0x08000b4d   Thumb Code     4  stm32f10x_it.o(i.MemManage_Handler)
    NMI_Handler                              0x08000b51   Thumb Code     2  stm32f10x_it.o(i.NMI_Handler)
    NVIC_Init                                0x08000b55   Thumb Code   100  misc.o(i.NVIC_Init)
    NVIC_PriorityGroupConfig                 0x08000bc5   Thumb Code    10  misc.o(i.NVIC_PriorityGroupConfig)
    OnCOB_ID_SyncUpdate                      0x08000bd9   Thumb Code    18  sync.o(i.OnCOB_ID_SyncUpdate)
    OnHeartbeatProducerUpdate                0x08000bed   Thumb Code    66  lifegrd.o(i.OnHeartbeatProducerUpdate)
    OnNodeGuardUpdate                        0x08000c35   Thumb Code    24  lifegrd.o(i.OnNodeGuardUpdate)
    OnNumberOfErrorsUpdate                   0x08000c4d   Thumb Code    44  emcy.o(i.OnNumberOfErrorsUpdate)
    PDOEventTimerAlarm                       0x08000c79   Thumb Code    46  pdo.o(i.PDOEventTimerAlarm)
    PDOInhibitTimerAlarm                     0x08000ca7   Thumb Code    56  pdo.o(i.PDOInhibitTimerAlarm)
    PDOInit                                  0x08000ce1   Thumb Code    82  pdo.o(i.PDOInit)
    PDOStop                                  0x08000d39   Thumb Code   120  pdo.o(i.PDOStop)
    PendSV_Handler                           0x08000db1   Thumb Code     2  stm32f10x_it.o(i.PendSV_Handler)
    ProducerHeartbeatAlarm                   0x08000db3   Thumb Code    72  lifegrd.o(i.ProducerHeartbeatAlarm)
    RCC_APB1PeriphClockCmd                   0x08000dfd   Thumb Code    26  stm32f10x_rcc.o(i.RCC_APB1PeriphClockCmd)
    RCC_APB2PeriphClockCmd                   0x08000e1d   Thumb Code    26  stm32f10x_rcc.o(i.RCC_APB2PeriphClockCmd)
    RCC_GetClocksFreq                        0x08000e3d   Thumb Code   192  stm32f10x_rcc.o(i.RCC_GetClocksFreq)
    RegisterSetODentryCallBack               0x08000f11   Thumb Code    50  objacces.o(i.RegisterSetODentryCallBack)
    SDOTimeoutAlarm                          0x08000f45   Thumb Code   298  sdo.o(i.SDOTimeoutAlarm)
    SDOlineToObjdict                         0x08001075   Thumb Code   172  sdo.o(i.SDOlineToObjdict)
    SDOtoLine                                0x08001121   Thumb Code   134  sdo.o(i.SDOtoLine)
    SVC_Handler                              0x080011a7   Thumb Code     2  stm32f10x_it.o(i.SVC_Handler)
    SetAlarm                                 0x080011a9   Thumb Code   170  timer.o(i.SetAlarm)
    SyncAlarm                                0x08001349   Thumb Code    14  sync.o(i.SyncAlarm)
    SysTick_CLKSourceConfig                  0x08001357   Thumb Code    40  misc.o(i.SysTick_CLKSourceConfig)
    SysTick_Handler                          0x0800137f   Thumb Code     2  stm32f10x_it.o(i.SysTick_Handler)
    SystemInit                               0x08001381   Thumb Code    78  system_stm32f10x_1.o(i.SystemInit)
    TIM3_IRQHandler                          0x080013e1   Thumb Code    80  stm32_canfestival.o(i.TIM3_IRQHandler)
    TIM3_Init                                0x08001469   Thumb Code    90  timer3.o(i.TIM3_Init)
    TIM_ClearITPendingBit                    0x080014c9   Thumb Code     6  stm32f10x_tim.o(i.TIM_ClearITPendingBit)
    TIM_Cmd                                  0x080014cf   Thumb Code    24  stm32f10x_tim.o(i.TIM_Cmd)
    TIM_GetITStatus                          0x080014e7   Thumb Code    34  stm32f10x_tim.o(i.TIM_GetITStatus)
    TIM_ITConfig                             0x08001509   Thumb Code    18  stm32f10x_tim.o(i.TIM_ITConfig)
    TIM_TimeBaseInit                         0x0800151d   Thumb Code   122  stm32f10x_tim.o(i.TIM_TimeBaseInit)
    TPDO_Communication_Parameter_Callback    0x080015c1   Thumb Code   148  pdo.o(i.TPDO_Communication_Parameter_Callback)
    TestMaster_scanIndexOD                   0x08001655   Thumb Code   210  testmaster.o(i.TestMaster_scanIndexOD)
    TestMaster_valueRangeTest                0x0800173d   Thumb Code    22  testmaster.o(i.TestMaster_valueRangeTest)
    TimeDispatch                             0x08001759   Thumb Code   178  timer.o(i.TimeDispatch)
    USART2_IRQHandler                        0x08001819   Thumb Code   122  usart.o(i.USART2_IRQHandler)
    USART_Cmd                                0x080018a1   Thumb Code    24  stm32f10x_usart.o(i.USART_Cmd)
    USART_GetITStatus                        0x080018b9   Thumb Code    84  stm32f10x_usart.o(i.USART_GetITStatus)
    USART_ITConfig                           0x0800190d   Thumb Code    74  stm32f10x_usart.o(i.USART_ITConfig)
    USART_Init                               0x08001959   Thumb Code   210  stm32f10x_usart.o(i.USART_Init)
    USART_ReceiveData                        0x08001a31   Thumb Code    10  stm32f10x_usart.o(i.USART_ReceiveData)
    USB_LP_CAN1_RX0_IRQHandler               0x08001a3d   Thumb Code    94  can_hw.o(i.USB_LP_CAN1_RX0_IRQHandler)
    UsageFault_Handler                       0x08001aa5   Thumb Code     4  stm32f10x_it.o(i.UsageFault_Handler)
    _RxPDO_EventTimers_Handler               0x08001aa9   Thumb Code     2  pdo.o(i._RxPDO_EventTimers_Handler)
    __0printf$1                              0x08001aad   Thumb Code    22  printf1.o(i.__0printf$1)
    __1printf$1                              0x08001aad   Thumb Code     0  printf1.o(i.__0printf$1)
    __2printf                                0x08001aad   Thumb Code     0  printf1.o(i.__0printf$1)
    __scatterload_copy                       0x08001acd   Thumb Code    14  handlers.o(i.__scatterload_copy)
    __scatterload_null                       0x08001adb   Thumb Code     2  handlers.o(i.__scatterload_null)
    __scatterload_zeroinit                   0x08001add   Thumb Code    14  handlers.o(i.__scatterload_zeroinit)
    _getODentry                              0x08001aed   Thumb Code   224  objacces.o(i._getODentry)
    _heartbeatError                          0x08001bd9   Thumb Code     2  lifegrd.o(i._heartbeatError)
    _initialisation                          0x08001bdb   Thumb Code     2  states.o(i._initialisation)
    _nodeguardError                          0x08001bdd   Thumb Code     2  lifegrd.o(i._nodeguardError)
    _operational                             0x08001bdf   Thumb Code     2  states.o(i._operational)
    _post_SlaveBootup                        0x08001be1   Thumb Code     2  lifegrd.o(i._post_SlaveBootup)
    _post_SlaveStateChange                   0x08001be3   Thumb Code     2  lifegrd.o(i._post_SlaveStateChange)
    _post_TPDO                               0x08001be5   Thumb Code     2  sync.o(i._post_TPDO)
    _post_emcy                               0x08001be7   Thumb Code     6  emcy.o(i._post_emcy)
    _post_sync                               0x08001bed   Thumb Code     2  sync.o(i._post_sync)
    _preOperational                          0x08001bef   Thumb Code    22  states.o(i._preOperational)
    _sendPDOevent                            0x08001d59   Thumb Code   408  pdo.o(i._sendPDOevent)
    _setODentry                              0x08001ef1   Thumb Code   298  objacces.o(i._setODentry)
    _stopped                                 0x08002029   Thumb Code     2  states.o(i._stopped)
    _storeODSubIndex                         0x0800202b   Thumb Code     6  objacces.o(i._storeODSubIndex)
    accessDictionaryError                    0x08002031   Thumb Code    10  objacces.o(i.accessDictionaryError)
    buildPDO                                 0x0800203b   Thumb Code   238  pdo.o(i.buildPDO)
    canDispatch                              0x08002129   Thumb Code   154  states.o(i.canDispatch)
    canSend                                  0x080021c5   Thumb Code    80  can_hw.o(i.canSend)
    delay_init                               0x08002219   Thumb Code    50  delay.o(i.delay_init)
    delay_ms                                 0x0800225d   Thumb Code    72  delay.o(i.delay_ms)
    emergencyInit                            0x080022a9   Thumb Code    28  emcy.o(i.emergencyInit)
    emergencyStop                            0x080022c9   Thumb Code     2  emcy.o(i.emergencyStop)
    failedSDO                                0x080022cb   Thumb Code   182  sdo.o(i.failedSDO)
    fputc                                    0x08002381   Thumb Code    24  usart.o(i.fputc)
    getElapsedTime                           0x0800239d   Thumb Code    54  stm32_canfestival.o(i.getElapsedTime)
    getNodeId                                0x080023e1   Thumb Code     8  states.o(i.getNodeId)
    getSDOfreeLine                           0x080023e9   Thumb Code    66  sdo.o(i.getSDOfreeLine)
    getSDOlineOnUse                          0x0800242b   Thumb Code   114  sdo.o(i.getSDOlineOnUse)
    getSDOlineRestBytes                      0x0800249d   Thumb Code    74  sdo.o(i.getSDOlineRestBytes)
    heartbeatInit                            0x080024e9   Thumb Code   134  lifegrd.o(i.heartbeatInit)
    heartbeatStop                            0x0800257d   Thumb Code    56  lifegrd.o(i.heartbeatStop)
    initSDOline                              0x080025b5   Thumb Code   444  sdo.o(i.initSDOline)
    lifeGuardInit                            0x08002779   Thumb Code    18  lifegrd.o(i.lifeGuardInit)
    lifeGuardStop                            0x0800278b   Thumb Code    18  lifegrd.o(i.lifeGuardStop)
    lineToSDO                                0x0800279d   Thumb Code   176  sdo.o(i.lineToSDO)
    main                                     0x0800284d   Thumb Code   140  main.o(i.main)
    masterSendNMTnodeguard                   0x08002915   Thumb Code    38  nmtmaster.o(i.masterSendNMTnodeguard)
    masterSendNMTstateChange                 0x0800293b   Thumb Code    44  nmtmaster.o(i.masterSendNMTstateChange)
    nodeguardInit                            0x08002969   Thumb Code   132  lifegrd.o(i.nodeguardInit)
    nodeguardStop                            0x080029f5   Thumb Code    18  lifegrd.o(i.nodeguardStop)
    objdictToSDOline                         0x08002a07   Thumb Code   142  sdo.o(i.objdictToSDOline)
    proceedEMCY                              0x08002a95   Thumb Code    58  emcy.o(i.proceedEMCY)
    proceedNMTstateChange                    0x08002acf   Thumb Code   224  nmtslave.o(i.proceedNMTstateChange)
    proceedNODE_GUARD                        0x08002bb1   Thumb Code   276  lifegrd.o(i.proceedNODE_GUARD)
    proceedPDO                               0x08002cc9   Thumb Code   732  pdo.o(i.proceedPDO)
    proceedSDO                               0x08002fa5   Thumb Code 11072  sdo.o(i.proceedSDO)
    proceedSYNC                              0x08005aed   Thumb Code    44  sync.o(i.proceedSYNC)
    resetSDO                                 0x08005b19   Thumb Code    26  sdo.o(i.resetSDO)
    resetSDOline                             0x08005b33   Thumb Code    96  sdo.o(i.resetSDOline)
    sendOnePDOevent                          0x08005b95   Thumb Code   332  pdo.o(i.sendOnePDOevent)
    sendSDO                                  0x08005d15   Thumb Code   162  sdo.o(i.sendSDO)
    sendSDOabort                             0x08005db7   Thumb Code    82  sdo.o(i.sendSDOabort)
    sendSYNC                                 0x08005e09   Thumb Code    22  sync.o(i.sendSYNC)
    sendSYNCMessage                          0x08005e1f   Thumb Code    38  sync.o(i.sendSYNCMessage)
    setNodeId                                0x08005e45   Thumb Code   428  states.o(i.setNodeId)
    setSDOlineRestBytes                      0x08005ff5   Thumb Code    34  sdo.o(i.setSDOlineRestBytes)
    setState                                 0x08006019   Thumb Code   200  states.o(i.setState)
    setTimer                                 0x080060e5   Thumb Code    24  stm32_canfestival.o(i.setTimer)
    slaveSendBootUp                          0x08006109   Thumb Code    46  nmtslave.o(i.slaveSendBootUp)
    startSYNC                                0x08006139   Thumb Code   100  sync.o(i.startSYNC)
    stopSYNC                                 0x080061a5   Thumb Code    46  sync.o(i.stopSYNC)
    switchCommunicationState                 0x080061d3   Thumb Code   284  states.o(i.switchCommunicationState)
    uart_init                                0x080062f1   Thumb Code   154  usart.o(i.uart_init)
    TestMaster_iam_a_slave                   0x08006394   Data           1  testmaster.o(.constdata)
    TestMaster_objdict                       0x08006398   Data         120  testmaster.o(.constdata)
    TestMaster_firstIndex                    0x08006410   Data          12  testmaster.o(.constdata)
    TestMaster_lastIndex                     0x0800641c   Data          12  testmaster.o(.constdata)
    TestMaster_ObjdictSize                   0x08006428   Data           2  testmaster.o(.constdata)
    Region$$Table$$Base                      0x08006480   Number         0  anon$$obj.o(Region$$Table)
    Region$$Table$$Limit                     0x080064a0   Number         0  anon$$obj.o(Region$$Table)
    nodeID                                   0x20000014   Data           1  main.o(.data)
    SystemCoreClock                          0x20000018   Data           4  system_stm32f10x_1.o(.data)
    AHBPrescTable                            0x2000001c   Data          16  system_stm32f10x_1.o(.data)
    TimeCNT                                  0x2000002c   Data           4  stm32_canfestival.o(.data)
    NextTime                                 0x20000030   Data           4  stm32_canfestival.o(.data)
    TIMER_MAX_COUNT                          0x20000034   Data           4  stm32_canfestival.o(.data)
    MasterMap1                               0x2000003c   Data           4  testmaster.o(.data)
    MasterMap2                               0x20000040   Data           4  testmaster.o(.data)
    TestMaster_bDeviceNodeId                 0x20000044   Data           1  testmaster.o(.data)
    TestMaster_heartBeatTimers               0x20000046   Data           2  testmaster.o(.data)
    TestMaster_obj1000                       0x20000048   Data           4  testmaster.o(.data)
    TestMaster_Index1000                     0x2000004c   Data          16  testmaster.o(.data)
    TestMaster_obj1001                       0x2000005c   Data           1  testmaster.o(.data)
    TestMaster_Index1001                     0x20000060   Data          16  testmaster.o(.data)
    TestMaster_highestSubIndex_obj1003       0x20000070   Data           1  testmaster.o(.data)
    TestMaster_obj1003                       0x20000074   Data           4  testmaster.o(.data)
    TestMaster_Index1003_callbacks           0x20000078   Data           8  testmaster.o(.data)
    TestMaster_Index1003                     0x20000080   Data          32  testmaster.o(.data)
    TestMaster_obj1005                       0x200000a0   Data           4  testmaster.o(.data)
    TestMaster_Index1005_callbacks           0x200000a4   Data           4  testmaster.o(.data)
    TestMaster_Index1005                     0x200000a8   Data          16  testmaster.o(.data)
    TestMaster_obj1006                       0x200000b8   Data           4  testmaster.o(.data)
    TestMaster_Index1006_callbacks           0x200000bc   Data           4  testmaster.o(.data)
    TestMaster_Index1006                     0x200000c0   Data          16  testmaster.o(.data)
    TestMaster_obj100C                       0x200000d0   Data           2  testmaster.o(.data)
    TestMaster_obj100D                       0x200000d2   Data           1  testmaster.o(.data)
    TestMaster_highestSubIndex_obj1010       0x200000d3   Data           1  testmaster.o(.data)
    TestMaster_obj1010_Save_All_Parameters   0x200000d4   Data           4  testmaster.o(.data)
    TestMaster_obj1010_Save_Communication_Parameters 0x200000d8   Data           4  testmaster.o(.data)
    TestMaster_obj1010_Save_Application_Parameters 0x200000dc   Data           4  testmaster.o(.data)
    TestMaster_obj1010_Save_Manufacturer_Parameters_1 0x200000e0   Data           4  testmaster.o(.data)
    TestMaster_Index1010                     0x200000e4   Data          80  testmaster.o(.data)
    TestMaster_highestSubIndex_obj1011       0x20000134   Data           1  testmaster.o(.data)
    TestMaster_obj1011_Restore_All_Default_Parameters 0x20000138   Data           4  testmaster.o(.data)
    TestMaster_obj1011_Restore_Communication_Default_Parameters 0x2000013c   Data           4  testmaster.o(.data)
    TestMaster_obj1011_Restore_Application_Default_Parameters 0x20000140   Data           4  testmaster.o(.data)
    TestMaster_obj1011_Restore_Manufacturer_Defined_Default_Parameters_1 0x20000144   Data           4  testmaster.o(.data)
    TestMaster_Index1011                     0x20000148   Data          80  testmaster.o(.data)
    TestMaster_obj1014                       0x20000198   Data           4  testmaster.o(.data)
    TestMaster_Index1014                     0x2000019c   Data          16  testmaster.o(.data)
    TestMaster_highestSubIndex_obj1016       0x200001ac   Data           1  testmaster.o(.data)
    TestMaster_obj1016                       0x200001b0   Data           4  testmaster.o(.data)
    TestMaster_Index1016                     0x200001b4   Data          32  testmaster.o(.data)
    TestMaster_obj1017                       0x200001d4   Data           2  testmaster.o(.data)
    TestMaster_highestSubIndex_obj1018       0x200001d6   Data           1  testmaster.o(.data)
    TestMaster_obj1018_Vendor_ID             0x200001d8   Data           4  testmaster.o(.data)
    TestMaster_obj1018_Product_Code          0x200001dc   Data           4  testmaster.o(.data)
    TestMaster_obj1018_Revision_Number       0x200001e0   Data           4  testmaster.o(.data)
    TestMaster_obj1018_Serial_Number         0x200001e4   Data           4  testmaster.o(.data)
    TestMaster_Index1018                     0x200001e8   Data          80  testmaster.o(.data)
    TestMaster_highestSubIndex_obj1280       0x20000238   Data           1  testmaster.o(.data)
    TestMaster_obj1280_COB_ID_Client_to_Server_Transmit_SDO 0x2000023c   Data           4  testmaster.o(.data)
    TestMaster_obj1280_COB_ID_Server_to_Client_Receive_SDO 0x20000240   Data           4  testmaster.o(.data)
    TestMaster_obj1280_Node_ID_of_the_SDO_Server 0x20000244   Data           1  testmaster.o(.data)
    TestMaster_Index1280                     0x20000248   Data          64  testmaster.o(.data)
    TestMaster_highestSubIndex_obj1400       0x20000288   Data           1  testmaster.o(.data)
    TestMaster_obj1400_COB_ID_used_by_PDO    0x2000028c   Data           4  testmaster.o(.data)
    TestMaster_obj1400_Transmission_Type     0x20000290   Data           1  testmaster.o(.data)
    TestMaster_obj1400_Inhibit_Time          0x20000292   Data           2  testmaster.o(.data)
    TestMaster_obj1400_Compatibility_Entry   0x20000294   Data           1  testmaster.o(.data)
    TestMaster_obj1400_Event_Timer           0x20000296   Data           2  testmaster.o(.data)
    TestMaster_Index1400                     0x20000298   Data          96  testmaster.o(.data)
    TestMaster_highestSubIndex_obj1600       0x200002f8   Data           1  testmaster.o(.data)
    TestMaster_obj1600                       0x200002fc   Data           8  testmaster.o(.data)
    TestMaster_Index1600                     0x20000304   Data          48  testmaster.o(.data)
    TestMaster_highestSubIndex_obj1F22       0x20000334   Data           1  testmaster.o(.data)
    TestMaster_obj1F22                       0x20000338   Data           8  testmaster.o(.data)
    TestMaster_Index1F22                     0x20000340   Data          48  testmaster.o(.data)
    MasterMap1_callbacks                     0x20000370   Data           4  testmaster.o(.data)
    TestMaster_Index2000                     0x20000374   Data          16  testmaster.o(.data)
    TestMaster_Index2001                     0x20000384   Data          16  testmaster.o(.data)
    TestMaster_PDO_status                    0x20000394   Data          18  testmaster.o(.data)
    TestMaster_Data                          0x200003a8   Data         576  testmaster.o(.data)
    total_sleep_time                         0x200005e8   Data           4  timer.o(.data)
    last_timer_raw                           0x200005ec   Data           2  timer.o(.data)
    tdcount                                  0x200005f0   Data           4  timer.o(.data)
    __stdout                                 0x200005f8   Data           4  usart.o(.data)
    USART_RX_STA                             0x200005fc   Data           2  usart.o(.data)
    timers                                   0x20000600   Data         192  timer.o(.bss)
    USART_RX_BUF                             0x200006c0   Data         200  usart.o(.bss)
    __initial_sp                             0x20000b88   Data           0  startup_stm32f10x_md.o(STACK)



==============================================================================

Memory Map of the image

  Image Entry point : 0x080000ed

  Load Region LR_IROM1 (Base: 0x08000000, Size: 0x00006aa0, Max: 0x00020000, ABSOLUTE, COMPRESSED[0x0000664c])

    Execution Region ER_IROM1 (Exec base: 0x08000000, Load base: 0x08000000, Size: 0x000064a0, Max: 0x00020000, ABSOLUTE)

    Exec Addr    Load Addr    Size         Type   Attr      Idx    E Section Name        Object

    0x08000000   0x08000000   0x000000ec   Data   RO            3    RESET               startup_stm32f10x_md.o
    0x080000ec   0x080000ec   0x00000000   Code   RO         4643  * .ARM.Collect$$$$00000000  mc_w.l(entry.o)
    0x080000ec   0x080000ec   0x00000004   Code   RO         4948    .ARM.Collect$$$$00000001  mc_w.l(entry2.o)
    0x080000f0   0x080000f0   0x00000004   Code   RO         4951    .ARM.Collect$$$$00000004  mc_w.l(entry5.o)
    0x080000f4   0x080000f4   0x00000000   Code   RO         4953    .ARM.Collect$$$$00000008  mc_w.l(entry7b.o)
    0x080000f4   0x080000f4   0x00000000   Code   RO         4955    .ARM.Collect$$$$0000000A  mc_w.l(entry8b.o)
    0x080000f4   0x080000f4   0x00000008   Code   RO         4956    .ARM.Collect$$$$0000000B  mc_w.l(entry9a.o)
    0x080000fc   0x080000fc   0x00000000   Code   RO         4958    .ARM.Collect$$$$0000000D  mc_w.l(entry10a.o)
    0x080000fc   0x080000fc   0x00000000   Code   RO         4960    .ARM.Collect$$$$0000000F  mc_w.l(entry11a.o)
    0x080000fc   0x080000fc   0x00000004   Code   RO         4949    .ARM.Collect$$$$00002712  mc_w.l(entry2.o)
    0x08000100   0x08000100   0x00000024   Code   RO            4    .text               startup_stm32f10x_md.o
    0x08000124   0x08000124   0x00000024   Code   RO         4646    .text               mc_w.l(memcpya.o)
    0x08000148   0x08000148   0x0000001a   Code   RO         4648    .text               mc_w.l(memcmp.o)
    0x08000162   0x08000162   0x0000002c   Code   RO         4962    .text               mc_w.l(uidiv.o)
    0x0800018e   0x0800018e   0x00000002   PAD
    0x08000190   0x08000190   0x00000024   Code   RO         4990    .text               mc_w.l(init.o)
    0x080001b4   0x080001b4   0x00000056   Code   RO         5002    .text               mc_w.l(__dczerorl2.o)
    0x0800020a   0x0800020a   0x00000004   Code   RO         3202    i.BusFault_Handler  stm32f10x_it.o
    0x0800020e   0x0800020e   0x00000002   PAD
    0x08000210   0x08000210   0x00000108   Code   RO          449    i.CAN_FilterInit    stm32f10x_can.o
    0x08000318   0x08000318   0x00000012   Code   RO          455    i.CAN_ITConfig      stm32f10x_can.o
    0x0800032a   0x0800032a   0x00000114   Code   RO          456    i.CAN_Init          stm32f10x_can.o
    0x0800043e   0x0800043e   0x00000002   PAD
    0x08000440   0x08000440   0x000000f8   Code   RO         3341    i.CAN_Mode_Init     can_hw.o
    0x08000538   0x08000538   0x000000f0   Code   RO          459    i.CAN_Receive       stm32f10x_can.o
    0x08000628   0x08000628   0x00000126   Code   RO          464    i.CAN_Transmit      stm32f10x_can.o
    0x0800074e   0x0800074e   0x00000032   Code   RO         3892    i.ConsumerHeartbeatAlarm  lifegrd.o
    0x08000780   0x08000780   0x000000ec   Code   RO         4087    i.CopyBits          pdo.o
    0x0800086c   0x0800086c   0x00000002   Code   RO         3203    i.DebugMon_Handler  stm32f10x_it.o
    0x0800086e   0x0800086e   0x00000002   PAD
    0x08000870   0x08000870   0x00000038   Code   RO         4501    i.DelAlarm          timer.o
    0x080008a8   0x080008a8   0x00000028   Code   RO         3406    i.EXTI0_IRQHandler  exti.o
    0x080008d0   0x080008d0   0x00000028   Code   RO         3407    i.EXTI1_IRQHandler  exti.o
    0x080008f8   0x080008f8   0x00000028   Code   RO         3408    i.EXTI2_IRQHandler  exti.o
    0x08000920   0x08000920   0x00000028   Code   RO         3409    i.EXTI3_IRQHandler  exti.o
    0x08000948   0x08000948   0x00000028   Code   RO         3410    i.EXTI4_IRQHandler  exti.o
    0x08000970   0x08000970   0x00000028   Code   RO         3411    i.EXTI9_5_IRQHandler  exti.o
    0x08000998   0x08000998   0x0000000c   Code   RO          905    i.EXTI_ClearITPendingBit  stm32f10x_exti.o
    0x080009a4   0x080009a4   0x00000018   Code   RO          908    i.EXTI_GetFlagStatus  stm32f10x_exti.o
    0x080009bc   0x080009bc   0x00000116   Code   RO         1258    i.GPIO_Init         stm32f10x_gpio.o
    0x08000ad2   0x08000ad2   0x00000076   Code   RO         3893    i.GuardTimeAlarm    lifegrd.o
    0x08000b48   0x08000b48   0x00000004   Code   RO         3204    i.HardFault_Handler  stm32f10x_it.o
    0x08000b4c   0x08000b4c   0x00000004   Code   RO         3205    i.MemManage_Handler  stm32f10x_it.o
    0x08000b50   0x08000b50   0x00000002   Code   RO         3206    i.NMI_Handler       stm32f10x_it.o
    0x08000b52   0x08000b52   0x00000002   PAD
    0x08000b54   0x08000b54   0x00000070   Code   RO           24    i.NVIC_Init         misc.o
    0x08000bc4   0x08000bc4   0x00000014   Code   RO           25    i.NVIC_PriorityGroupConfig  misc.o
    0x08000bd8   0x08000bd8   0x00000012   Code   RO         4441    i.OnCOB_ID_SyncUpdate  sync.o
    0x08000bea   0x08000bea   0x00000002   PAD
    0x08000bec   0x08000bec   0x00000048   Code   RO         3894    i.OnHeartbeatProducerUpdate  lifegrd.o
    0x08000c34   0x08000c34   0x00000018   Code   RO         3895    i.OnNodeGuardUpdate  lifegrd.o
    0x08000c4c   0x08000c4c   0x0000002c   Code   RO         3840    i.OnNumberOfErrorsUpdate  emcy.o
    0x08000c78   0x08000c78   0x0000002e   Code   RO         4090    i.PDOEventTimerAlarm  pdo.o
    0x08000ca6   0x08000ca6   0x00000038   Code   RO         4091    i.PDOInhibitTimerAlarm  pdo.o
    0x08000cde   0x08000cde   0x00000002   PAD
    0x08000ce0   0x08000ce0   0x00000058   Code   RO         4092    i.PDOInit           pdo.o
    0x08000d38   0x08000d38   0x00000078   Code   RO         4093    i.PDOStop           pdo.o
    0x08000db0   0x08000db0   0x00000002   Code   RO         3207    i.PendSV_Handler    stm32f10x_it.o
    0x08000db2   0x08000db2   0x00000048   Code   RO         3896    i.ProducerHeartbeatAlarm  lifegrd.o
    0x08000dfa   0x08000dfa   0x00000002   PAD
    0x08000dfc   0x08000dfc   0x00000020   Code   RO         1674    i.RCC_APB1PeriphClockCmd  stm32f10x_rcc.o
    0x08000e1c   0x08000e1c   0x00000020   Code   RO         1676    i.RCC_APB2PeriphClockCmd  stm32f10x_rcc.o
    0x08000e3c   0x08000e3c   0x000000d4   Code   RO         1684    i.RCC_GetClocksFreq  stm32f10x_rcc.o
    0x08000f10   0x08000f10   0x00000032   Code   RO         4051    i.RegisterSetODentryCallBack  objacces.o
    0x08000f42   0x08000f42   0x00000002   PAD
    0x08000f44   0x08000f44   0x00000130   Code   RO         4189    i.SDOTimeoutAlarm   sdo.o
    0x08001074   0x08001074   0x000000ac   Code   RO         4190    i.SDOlineToObjdict  sdo.o
    0x08001120   0x08001120   0x00000086   Code   RO         4191    i.SDOtoLine         sdo.o
    0x080011a6   0x080011a6   0x00000002   Code   RO         3208    i.SVC_Handler       stm32f10x_it.o
    0x080011a8   0x080011a8   0x000000b8   Code   RO         4502    i.SetAlarm          timer.o
    0x08001260   0x08001260   0x00000008   Code   RO         3265    i.SetSysClock       system_stm32f10x_1.o
    0x08001268   0x08001268   0x000000e0   Code   RO         3266    i.SetSysClockTo72   system_stm32f10x_1.o
    0x08001348   0x08001348   0x0000000e   Code   RO         4442    i.SyncAlarm         sync.o
    0x08001356   0x08001356   0x00000028   Code   RO           28    i.SysTick_CLKSourceConfig  misc.o
    0x0800137e   0x0800137e   0x00000002   Code   RO         3209    i.SysTick_Handler   stm32f10x_it.o
    0x08001380   0x08001380   0x00000060   Code   RO         3268    i.SystemInit        system_stm32f10x_1.o
    0x080013e0   0x080013e0   0x00000088   Code   RO         3675    i.TIM3_IRQHandler   stm32_canfestival.o
    0x08001468   0x08001468   0x00000060   Code   RO         3663    i.TIM3_Init         timer3.o
    0x080014c8   0x080014c8   0x00000006   Code   RO         2303    i.TIM_ClearITPendingBit  stm32f10x_tim.o
    0x080014ce   0x080014ce   0x00000018   Code   RO         2308    i.TIM_Cmd           stm32f10x_tim.o
    0x080014e6   0x080014e6   0x00000022   Code   RO         2329    i.TIM_GetITStatus   stm32f10x_tim.o
    0x08001508   0x08001508   0x00000012   Code   RO         2333    i.TIM_ITConfig      stm32f10x_tim.o
    0x0800151a   0x0800151a   0x00000002   PAD
    0x0800151c   0x0800151c   0x000000a4   Code   RO         2379    i.TIM_TimeBaseInit  stm32f10x_tim.o
    0x080015c0   0x080015c0   0x00000094   Code   RO         4094    i.TPDO_Communication_Parameter_Callback  pdo.o
    0x08001654   0x08001654   0x000000e8   Code   RO         3748    i.TestMaster_scanIndexOD  testmaster.o
    0x0800173c   0x0800173c   0x0000001c   Code   RO         3749    i.TestMaster_valueRangeTest  testmaster.o
    0x08001758   0x08001758   0x000000c0   Code   RO         4503    i.TimeDispatch      timer.o
    0x08001818   0x08001818   0x00000088   Code   RO         4592    i.USART2_IRQHandler  usart.o
    0x080018a0   0x080018a0   0x00000018   Code   RO         2844    i.USART_Cmd         stm32f10x_usart.o
    0x080018b8   0x080018b8   0x00000054   Code   RO         2848    i.USART_GetITStatus  stm32f10x_usart.o
    0x0800190c   0x0800190c   0x0000004a   Code   RO         2850    i.USART_ITConfig    stm32f10x_usart.o
    0x08001956   0x08001956   0x00000002   PAD
    0x08001958   0x08001958   0x000000d8   Code   RO         2851    i.USART_Init        stm32f10x_usart.o
    0x08001a30   0x08001a30   0x0000000a   Code   RO         2858    i.USART_ReceiveData  stm32f10x_usart.o
    0x08001a3a   0x08001a3a   0x00000002   PAD
    0x08001a3c   0x08001a3c   0x00000068   Code   RO         3342    i.USB_LP_CAN1_RX0_IRQHandler  can_hw.o
    0x08001aa4   0x08001aa4   0x00000004   Code   RO         3210    i.UsageFault_Handler  stm32f10x_it.o
    0x08001aa8   0x08001aa8   0x00000002   Code   RO         4095    i._RxPDO_EventTimers_Handler  pdo.o
    0x08001aaa   0x08001aaa   0x00000002   PAD
    0x08001aac   0x08001aac   0x00000020   Code   RO         4697    i.__0printf$1       mc_w.l(printf1.o)
    0x08001acc   0x08001acc   0x0000000e   Code   RO         4996    i.__scatterload_copy  mc_w.l(handlers.o)
    0x08001ada   0x08001ada   0x00000002   Code   RO         4997    i.__scatterload_null  mc_w.l(handlers.o)
    0x08001adc   0x08001adc   0x0000000e   Code   RO         4998    i.__scatterload_zeroinit  mc_w.l(handlers.o)
    0x08001aea   0x08001aea   0x00000002   PAD
    0x08001aec   0x08001aec   0x000000ec   Code   RO         4052    i._getODentry       objacces.o
    0x08001bd8   0x08001bd8   0x00000002   Code   RO         3897    i._heartbeatError   lifegrd.o
    0x08001bda   0x08001bda   0x00000002   Code   RO         4374    i._initialisation   states.o
    0x08001bdc   0x08001bdc   0x00000002   Code   RO         3898    i._nodeguardError   lifegrd.o
    0x08001bde   0x08001bde   0x00000002   Code   RO         4375    i._operational      states.o
    0x08001be0   0x08001be0   0x00000002   Code   RO         3899    i._post_SlaveBootup  lifegrd.o
    0x08001be2   0x08001be2   0x00000002   Code   RO         3900    i._post_SlaveStateChange  lifegrd.o
    0x08001be4   0x08001be4   0x00000002   Code   RO         4443    i._post_TPDO        sync.o
    0x08001be6   0x08001be6   0x00000006   Code   RO         3841    i._post_emcy        emcy.o
    0x08001bec   0x08001bec   0x00000002   Code   RO         4444    i._post_sync        sync.o
    0x08001bee   0x08001bee   0x00000016   Code   RO         4376    i._preOperational   states.o
    0x08001c04   0x08001c04   0x00000154   Code   RO         4704    i._printf_core      mc_w.l(printf1.o)
    0x08001d58   0x08001d58   0x00000198   Code   RO         4096    i._sendPDOevent     pdo.o
    0x08001ef0   0x08001ef0   0x00000138   Code   RO         4053    i._setODentry       objacces.o
    0x08002028   0x08002028   0x00000002   Code   RO         4377    i._stopped          states.o
    0x0800202a   0x0800202a   0x00000006   Code   RO         4054    i._storeODSubIndex  objacces.o
    0x08002030   0x08002030   0x0000000a   Code   RO         4055    i.accessDictionaryError  objacces.o
    0x0800203a   0x0800203a   0x000000ee   Code   RO         4097    i.buildPDO          pdo.o
    0x08002128   0x08002128   0x0000009a   Code   RO         4378    i.canDispatch       states.o
    0x080021c2   0x080021c2   0x00000002   PAD
    0x080021c4   0x080021c4   0x00000054   Code   RO         3343    i.canSend           can_hw.o
    0x08002218   0x08002218   0x00000044   Code   RO         4532    i.delay_init        delay.o
    0x0800225c   0x0800225c   0x0000004c   Code   RO         4533    i.delay_ms          delay.o
    0x080022a8   0x080022a8   0x00000020   Code   RO         3842    i.emergencyInit     emcy.o
    0x080022c8   0x080022c8   0x00000002   Code   RO         3843    i.emergencyStop     emcy.o
    0x080022ca   0x080022ca   0x000000b6   Code   RO         4195    i.failedSDO         sdo.o
    0x08002380   0x08002380   0x0000001c   Code   RO         4594    i.fputc             usart.o
    0x0800239c   0x0800239c   0x00000044   Code   RO         3676    i.getElapsedTime    stm32_canfestival.o
    0x080023e0   0x080023e0   0x00000008   Code   RO         4379    i.getNodeId         states.o
    0x080023e8   0x080023e8   0x00000042   Code   RO         4197    i.getSDOfreeLine    sdo.o
    0x0800242a   0x0800242a   0x00000072   Code   RO         4198    i.getSDOlineOnUse   sdo.o
    0x0800249c   0x0800249c   0x0000004a   Code   RO         4199    i.getSDOlineRestBytes  sdo.o
    0x080024e6   0x080024e6   0x00000002   PAD
    0x080024e8   0x080024e8   0x00000094   Code   RO         3902    i.heartbeatInit     lifegrd.o
    0x0800257c   0x0800257c   0x00000038   Code   RO         3903    i.heartbeatStop     lifegrd.o
    0x080025b4   0x080025b4   0x000001c4   Code   RO         4202    i.initSDOline       sdo.o
    0x08002778   0x08002778   0x00000012   Code   RO         3904    i.lifeGuardInit     lifegrd.o
    0x0800278a   0x0800278a   0x00000012   Code   RO         3905    i.lifeGuardStop     lifegrd.o
    0x0800279c   0x0800279c   0x000000b0   Code   RO         4203    i.lineToSDO         sdo.o
    0x0800284c   0x0800284c   0x000000c8   Code   RO         3075    i.main              main.o
    0x08002914   0x08002914   0x00000026   Code   RO         4010    i.masterSendNMTnodeguard  nmtmaster.o
    0x0800293a   0x0800293a   0x0000002c   Code   RO         4011    i.masterSendNMTstateChange  nmtmaster.o
    0x08002966   0x08002966   0x00000002   PAD
    0x08002968   0x08002968   0x0000008c   Code   RO         3906    i.nodeguardInit     lifegrd.o
    0x080029f4   0x080029f4   0x00000012   Code   RO         3907    i.nodeguardStop     lifegrd.o
    0x08002a06   0x08002a06   0x0000008e   Code   RO         4204    i.objdictToSDOline  sdo.o
    0x08002a94   0x08002a94   0x0000003a   Code   RO         3844    i.proceedEMCY       emcy.o
    0x08002ace   0x08002ace   0x000000e0   Code   RO         4033    i.proceedNMTstateChange  nmtslave.o
    0x08002bae   0x08002bae   0x00000002   PAD
    0x08002bb0   0x08002bb0   0x00000118   Code   RO         3908    i.proceedNODE_GUARD  lifegrd.o
    0x08002cc8   0x08002cc8   0x000002dc   Code   RO         4098    i.proceedPDO        pdo.o
    0x08002fa4   0x08002fa4   0x00002b48   Code   RO         4205    i.proceedSDO        sdo.o
    0x08005aec   0x08005aec   0x0000002c   Code   RO         4445    i.proceedSYNC       sync.o
    0x08005b18   0x08005b18   0x0000001a   Code   RO         4210    i.resetSDO          sdo.o
    0x08005b32   0x08005b32   0x00000060   Code   RO         4211    i.resetSDOline      sdo.o
    0x08005b92   0x08005b92   0x00000002   PAD
    0x08005b94   0x08005b94   0x00000154   Code   RO         4099    i.sendOnePDOevent   pdo.o
    0x08005ce8   0x08005ce8   0x0000002c   Code   RO         4102    i.sendPdo           pdo.o
    0x08005d14   0x08005d14   0x000000a2   Code   RO         4212    i.sendSDO           sdo.o
    0x08005db6   0x08005db6   0x00000052   Code   RO         4213    i.sendSDOabort      sdo.o
    0x08005e08   0x08005e08   0x00000016   Code   RO         4446    i.sendSYNC          sync.o
    0x08005e1e   0x08005e1e   0x00000026   Code   RO         4447    i.sendSYNCMessage   sync.o
    0x08005e44   0x08005e44   0x000001b0   Code   RO         4381    i.setNodeId         states.o
    0x08005ff4   0x08005ff4   0x00000022   Code   RO         4214    i.setSDOlineRestBytes  sdo.o
    0x08006016   0x08006016   0x00000002   PAD
    0x08006018   0x08006018   0x000000cc   Code   RO         4382    i.setState          states.o
    0x080060e4   0x080060e4   0x00000024   Code   RO         3677    i.setTimer          stm32_canfestival.o
    0x08006108   0x08006108   0x0000002e   Code   RO         4034    i.slaveSendBootUp   nmtslave.o
    0x08006136   0x08006136   0x00000002   PAD
    0x08006138   0x08006138   0x0000006c   Code   RO         4448    i.startSYNC         sync.o
    0x080061a4   0x080061a4   0x0000002e   Code   RO         4449    i.stopSYNC          sync.o
    0x080061d2   0x080061d2   0x0000011c   Code   RO         4383    i.switchCommunicationState  states.o
    0x080062ee   0x080062ee   0x00000002   PAD
    0x080062f0   0x080062f0   0x000000a4   Code   RO         4595    i.uart_init         usart.o
    0x08006394   0x08006394   0x00000096   Data   RO         3750    .constdata          testmaster.o
    0x0800642a   0x0800642a   0x00000002   PAD
    0x0800642c   0x0800642c   0x00000040   Data   RO         4384    .constdata          states.o
    0x0800646c   0x0800646c   0x00000001   Data   RO         3751    .conststring        testmaster.o
    0x0800646d   0x0800646d   0x00000003   PAD
    0x08006470   0x08006470   0x0000000e   Data   RO         3752    .conststrlit        testmaster.o
    0x0800647e   0x0800647e   0x00000002   PAD
    0x08006480   0x08006480   0x00000020   Data   RO         4994    Region$$Table       anon$$obj.o


    Execution Region RW_IRAM1 (Exec base: 0x20000000, Load base: 0x080064a0, Size: 0x00000b88, Max: 0x00005000, ABSOLUTE, COMPRESSED[0x000001ac])

    Exec Addr    Load Addr    Size         Type   Attr      Idx    E Section Name        Object

    0x20000000   COMPRESSED   0x00000014   Data   RW         1704    .data               stm32f10x_rcc.o
    0x20000014   COMPRESSED   0x00000001   Data   RW         3076    .data               main.o
    0x20000015   COMPRESSED   0x00000003   PAD
    0x20000018   COMPRESSED   0x00000014   Data   RW         3269    .data               system_stm32f10x_1.o
    0x2000002c   COMPRESSED   0x00000010   Data   RW         3678    .data               stm32_canfestival.o
    0x2000003c   COMPRESSED   0x000005ac   Data   RW         3753    .data               testmaster.o
    0x200005e8   COMPRESSED   0x0000000c   Data   RW         4505    .data               timer.o
    0x200005f4   COMPRESSED   0x00000004   Data   RW         4535    .data               delay.o
    0x200005f8   COMPRESSED   0x00000006   Data   RW         4597    .data               usart.o
    0x200005fe   COMPRESSED   0x00000002   PAD
    0x20000600        -       0x000000c0   Zero   RW         4504    .bss                timer.o
    0x200006c0        -       0x000000c8   Zero   RW         4596    .bss                usart.o
    0x20000788        -       0x00000400   Zero   RW            1    STACK               startup_stm32f10x_md.o


==============================================================================

Image component sizes


      Code (inc. data)   RO Data    RW Data    ZI Data      Debug   Object Name

       436         22          0          0          0      13231   can_hw.o
         0          0          0          0          0       4508   core_cm3.o
       144         22          0          4          0       1244   delay.o
       142          4          0          0          0       3188   emcy.o
       240         96          0          0          0       2952   exti.o
      1022         32          0          0          0      10616   lifegrd.o
       200         60          0          1          0       2292   main.o
       172         22          0          0          0     257489   misc.o
        82          0          0          0          0       1416   nmtmaster.o
       270          0          0          0          0       1494   nmtslave.o
       614         26          0          0          0       4736   objacces.o
      2458         14          0          0          0      11090   pdo.o
     13296        154          0          0          0      17745   sdo.o
        36          8        236          0       1024        880   startup_stm32f10x_md.o
      1110         24         64          0          0       6930   states.o
       240         82          0         16          0      12353   stm32_canfestival.o
      1092          6          0          0          0       4500   stm32f10x_can.o
        36         10          0          0          0       1146   stm32f10x_exti.o
       278          0          0          0          0       2000   stm32f10x_gpio.o
        26          0          0          0          0       4038   stm32f10x_it.o
       276         32          0         20          0       4542   stm32f10x_rcc.o
       246         42          0          0          0       3678   stm32f10x_tim.o
       408          6          0          0          0       5118   stm32f10x_usart.o
       294          8          0          0          0       5126   sync.o
       328         28          0         20          0       2273   system_stm32f10x_1.o
       260         28        165       1452          0       7984   testmaster.o
       432         38          0         12        192       3938   timer.o
        96          6          0          0          0        584   timer3.o
       328         28          0          6        200       3732   usart.o

    ----------------------------------------------------------------------
     24602        798        504       1536       1416     400823   Object Totals
         0          0         32          0          0          0   (incl. Generated)
        40          0          7          5          0          0   (incl. Padding)

    ----------------------------------------------------------------------

      Code (inc. data)   RO Data    RW Data    ZI Data      Debug   Library Member Name

        86          0          0          0          0          0   __dczerorl2.o
         0          0          0          0          0          0   entry.o
         0          0          0          0          0          0   entry10a.o
         0          0          0          0          0          0   entry11a.o
         8          4          0          0          0          0   entry2.o
         4          0          0          0          0          0   entry5.o
         0          0          0          0          0          0   entry7b.o
         0          0          0          0          0          0   entry8b.o
         8          4          0          0          0          0   entry9a.o
        30          0          0          0          0          0   handlers.o
        36          8          0          0          0         68   init.o
        26          0          0          0          0         80   memcmp.o
        36          0          0          0          0         68   memcpya.o
       372         14          0          0          0        184   printf1.o
        44          0          0          0          0         80   uidiv.o

    ----------------------------------------------------------------------
       654         30          0          0          0        480   Library Totals
         4          0          0          0          0          0   (incl. Padding)

    ----------------------------------------------------------------------

      Code (inc. data)   RO Data    RW Data    ZI Data      Debug   Library Name

       650         30          0          0          0        480   mc_w.l

    ----------------------------------------------------------------------
       654         30          0          0          0        480   Library Totals

    ----------------------------------------------------------------------

==============================================================================


      Code (inc. data)   RO Data    RW Data    ZI Data      Debug   

     25256        828        504       1536       1416     394515   Grand Totals
     25256        828        504        428       1416     394515   ELF Image Totals (compressed)
     25256        828        504        428          0          0   ROM Totals

==============================================================================

    Total RO  Size (Code + RO Data)                25760 (  25.16kB)
    Total RW  Size (RW Data + ZI Data)              2952 (   2.88kB)
    Total ROM Size (Code + RO Data + RW Data)      26188 (  25.57kB)

==============================================================================

