<html>
<body>
<pre>
<h1>礦ision Build Log</h1>
<h2>Tool Versions:</h2>
IDE-Version: 礦ision V5.27.1.0
Copyright (C) 2019 ARM Ltd and ARM Germany GmbH. All rights reserved.
License Information: xuezhi zhang, SUTD, LIC=TIVNN-YA490-2Z7W4-F1HTN-GN90D-BYAKE
 
Tool Versions:
Toolchain:       MDK-ARM Plus  Version: 5.27.1.0
Toolchain Path:  C:\Keil_v5\ARM\ARMCC\Bin
C Compiler:      Armcc.exe V5.06 update 6 (build 750)
Assembler:       Armasm.exe V5.06 update 6 (build 750)
Linker/Locator:  ArmLink.exe V5.06 update 6 (build 750)
Library Manager: ArmAr.exe V5.06 update 6 (build 750)
Hex Converter:   FromElf.exe V5.06 update 6 (build 750)
CPU DLL:         SARMCM3.DLL V5.27.1.0
Dialog DLL:      DCM.DLL V1.17.2.0
Target DLL:      STLink\ST-LINKIII-KEIL_SWO.dll V3.0.6.0
Dialog DLL:      TCM.DLL V1.36.1.0
 
<h2>Project:</h2>
C:\Users\大魔王\Desktop\(V2)CANFestival-ZXZ-CAN-Final\Project\RVMDK（uv5）\BH-F103.uvprojx
Project File Date:  08/26/2019

<h2>Output:</h2>
*** Using Compiler 'V5.06 update 6 (build 750)', folder: 'C:\Keil_v5\ARM\ARMCC\Bin'
Build target 'CAN'
assembling startup_stm32f10x_md.s...
compiling core_cm3.c...
compiling misc.c...
compiling stm32f10x_cec.c...
compiling stm32f10x_adc.c...
compiling stm32f10x_bkp.c...
compiling stm32f10x_crc.c...
compiling stm32f10x_can.c...
compiling stm32f10x_dac.c...
compiling stm32f10x_dbgmcu.c...
compiling stm32f10x_exti.c...
compiling stm32f10x_dma.c...
compiling stm32f10x_fsmc.c...
compiling stm32f10x_flash.c...
compiling stm32f10x_gpio.c...
compiling stm32f10x_i2c.c...
compiling stm32f10x_pwr.c...
compiling stm32f10x_iwdg.c...
compiling stm32f10x_rtc.c...
compiling stm32f10x_sdio.c...
compiling stm32f10x_spi.c...
compiling stm32f10x_rcc.c...
compiling stm32f10x_tim.c...
compiling stm32f10x_wwdg.c...
compiling stm32f10x_it.c...
compiling stm32f10x_usart.c...
compiling system_stm32f10x.c...
compiling adc.c...
compiling main.c...
compiling beep.c...
compiling exti.c...
compiling key.c...
compiling led.c...
compiling timpwm.c...
compiling can_hw.c...
compiling oled.c...
compiling TestMaster.c...
..\..\CanFestival\driver\TestMaster.c(326): warning:  #144-D: a value of type "const indextable *(*)(unsigned short, unsigned long *, ODCallback_t **)" cannot be used to initialize an entity of type "scanIndexOD_t"
  CO_Data TestMaster_Data = CANOPEN_NODE_DATA_INITIALIZER(TestMaster);
..\..\CanFestival\driver\TestMaster.c: 1 warning, 0 errors
compiling emcy.c...
compiling dcf.c...
compiling ws2811_rgb.c...
compiling lifegrd.c...
compiling lss.c...
compiling timer3.c...
compiling nmtSlave.c...
compiling nmtMaster.c...
compiling stm32_canfestival.c...
compiling objacces.c...
compiling pdo.c...
compiling timer.c...
compiling states.c...
compiling sync.c...
compiling sdo.c...
compiling delay.c...
compiling usart.c...
compiling sys.c...
linking...
Program Size: Code=25256 RO-data=504 RW-data=1536 ZI-data=1416  
FromELF: creating hex file...
"..\..\Output\CAN.axf" - 0 Error(s), 1 Warning(s).

<h2>Software Packages used:</h2>

Package Vendor: Keil
                http://www.keil.com/pack/Keil.STM32F1xx_DFP.2.3.0.pack
                Keil.STM32F1xx_DFP.2.3.0
                STMicroelectronics STM32F1 Series Device Support, Drivers and Examples

<h2>Collection of Component include folders:</h2>
  .\RTE\_CAN
  C:\Users\大魔王\AppData\Local\Arm\Packs\Keil\STM32F1xx_DFP\2.3.0\Device\Include

<h2>Collection of Component Files used:</h2>
Build Time Elapsed:  00:00:09
</pre>
</body>
</html>
